�сfailed: vTaskGenericNotifyGiveFromISR tasks.c:6171 (xTaskToNotify)


Backtrace: 0x4008264d:0x3ffb1150 0x40086ca5:0x3ffb1170 0x4008d301:0x3ffb1190 0x40089eba:0x3ffb12b0 0x40081246:0x3ffb12d0 0x400812a7:0x3ffb1300 0x40081340:0x3ffb1340 0x40083b2d:0x3ffb1360 0x400d7119:0x3ffb9300 0x400d7830:0x3ffb9330 0x400e078e:0x3ffb9360 0x4000bd83:0x3ffb9380 0x4000182a:0x3ffb93a0 0x400daccd:0x3ffb93c0 0x400e078e:0x3ffb93e0 0x4000bd83:0x3ffb9400 0x4000117d:0x3ffb9420 0x400592fe:0x3ffb9440 0x4005937a:0x3ffb9460 0x400e15d9:0x3ffb9480 0x400e82fb:0x3ffb94b0 0x400e7d12:0x3ffb94d0 0x400e17a9:0x3ffb97f0 0x4008d03b:0x3ffb9820 0x400d2eac:0x3ffb9880 0x400d2338:0x3ffb98d0 0x400d1f91:0x3ffb9920 0x40087b25:0x3ffb9960




ELF file SHA256: ae62dc91b

Rebooting...
ets Jun  8 2016 00:22:57

rst:0xc (SW_CPU_RESET),boot:0x17 (SPI_FAST_FLASH_BOOT)
configsip: 0, SPIWP:0xee
clk_drv:0x00,q_drv:0x00,d_drv:0x00,cs0_drv:0x00,hd_drv:0x00,wp_drv:0x00
mode:DIO, clock div:2
load:0x3fff0030,len:6380
ho 0 tail 12 room 4
load:0x40078000,len:15916
load:0x40080400,len:3860
entry 0x40080630
I (29) boot: ESP-IDF 5.5.0 2nd stage bootloader
I (29) boot: compile time Oct 30 2025 21:25:56
I (29) boot: Multicore bootloader
I (30) boot: chip revision: v1.0
I (33) boot.esp32: SPI Speed      : 40MHz
I (37) boot.esp32: SPI Mode       : DIO
I (40) boot.esp32: SPI Flash Size : 4MB
I (44) boot: Enabling RNG early entropy source...
I (48) boot: Partition Table:
I (51) boot: ## Label            Usage          Type ST Offset   Length
I (57) boot:  0 nvs              WiFi data        01 02 00009000 00006000
I (64) boot:  1 phy_init         RF data          01 01 0000f000 00001000
I (70) boot:  2 factory          factory app      00 00 00010000 00100000
I (77) boot: End of partition table
I (80) esp_image: segment 0: paddr=00010020 vaddr=3f400020 size=0d59ch ( 54684) map
I (106) esp_image: segment 1: paddr=0001d5c4 vaddr=3ff80000 size=00020h (    32) load
I (107) esp_image: segment 2: paddr=0001d5ec vaddr=3ffb0000 size=02784h ( 10116) load
I (114) esp_image: segment 3: paddr=0001fd78 vaddr=40080000 size=002a0h (   672) load
I (118) esp_image: segment 4: paddr=00020020 vaddr=400d0020 size=22734h (141108) map
I (174) esp_image: segment 5: paddr=0004275c vaddr=400802a0 size=0f3f0h ( 62448) load
I (206) boot: Loaded app from partition at offset 0x10000
I (206) boot: Disabling RNG early entropy source...
I (216) cpu_start: Multicore app
I (225) cpu_start: Pro cpu start user code
I (225) cpu_start: cpu freq: 160000000 Hz
I (225) app_init: Application information:
I (225) app_init: Project name:     feedlimiter
I (229) app_init: App version:      7373d29-dirty
I (233) app_init: Compile time:     Oct 30 2025 21:25:44
I (238) app_init: ELF file SHA256:  ae62dc91b...
I (243) app_init: ESP-IDF:          5.5.0
I (247) efuse_init: Min chip rev:     v0.0
I (250) efuse_init: Max chip rev:     v3.99 
I (254) efuse_init: Chip rev:         v1.0
I (258) heap_init: Initializing. RAM available for dynamic allocation:
I (265) heap_init: At 3FFAE6E0 len 00001920 (6 KiB): DRAM
I (270) heap_init: At 3FFB3218 len 0002CDE8 (179 KiB): DRAM
I (275) heap_init: At 3FFE0440 len 00003AE0 (14 KiB): D/IRAM
I (280) heap_init: At 3FFE4350 len 0001BCB0 (111 KiB): D/IRAM
I (286) heap_init: At 4008F690 len 00010970 (66 KiB): IRAM
I (292) spi_flash: detected chip: winbond
I (295) spi_flash: flash io: dio
I (299) main_task: Started on CPU0
I (309) main_task: Calling app_main()
E (309) gpio: gpio_pullup_en(78): GPIO number error (input-only pad has no internal PU)
I (309) button: IoT Butt
assert failed: vTaskGenericNotifyGiveFromISR tasks.c:6171 (xTaskToNotify)


Backtrace: 0x4008264d:0x3ffb1150 0x40086ca5:0x3ffb1170 0x4008d301:0x3ffb1190 0x40089eba:0x3ffb12b0 0x40081246:0x3ffb12d0 0x400812a7:0x3ffb1300 0x40081340:0x3ffb1340 0x40083b2d:0x3ffb1360 0x400d7131:0x3ffb9300 0x400d7830:0x3ffb9330 0x400e078e:0x3ffb9360 0x4000bd83:0x3ffb9380 0x4000182a:0x3ffb93a0 0x400daccd:0x3ffb93c0 0x400e078e:0x3ffb93e0 0x4000bd83:0x3ffb9400 0x4000117d:0x3ffb9420 0x400592fe:0x3ffb9440 0x4005937a:0x3ffb9460 0x400e15d9:0x3ffb9480 0x400e82fb:0x3ffb94b0 0x400e7d12:0x3ffb94d0 0x400e17a9:0x3ffb97f0 0x4008d03b:0x3ffb9820 0x400d2eac:0x3ffb9880 0x400d2338:0x3ffb98d0 0x400d1f91:0x3ffb9920 0x40087b25:0x3ffb9960




ELF file SHA256: ae62dc91b

Rebooting...
ets Jun  8 2016 00:22:57

rst:0xc (SW_CPU_RESET),boot:0x17 (SPI_FAST_FLASH_BOOT)
configsip: 0, SPIWP:0xee
clk_drv:0x00,q_drv:0x00,d_drv:0x00,cs0_drv:0x00,hd_drv:0x00,wp_drv:0x00
mode:DIO, clock div:2
load:0x3fff0030,len:6380
ho 0 tail 12 room 4
load:0x40078000,len:15916
load:0x40080400,len:3860
entry 0x40080630
I (29) boot: ESP-IDF 5.5.0 2nd stage bootloader
I (29) boot: compile time Oct 30 2025 21:25:56
I (29) boot: Multicore bootloader
I (30) boot: chip revision: v1.0
I (33) boot.esp32: SPI Speed      : 40MHz
I (37) boot.esp32: SPI Mode       : DIO
I (40) boot.esp32: SPI Flash Size : 4MB
I (44) boot: Enabling RNG early entropy source...
I (48) boot: Partition Table:
I (51) boot: ## Label            Usage          Type ST Offset   Length
I (57) boot:  0 nvs              WiFi data        01 02 00009000 00006000
I (64) boot:  1 phy_init         RF data          01 01 0000f000 00001000
I (70) boot:  2 factory          factory app      00 00 00010000 00100000
I (77) boot: End of partition table
I (80) esp_image: segment 0: paddr=00010020 vaddr=3f400020 size=0d59ch ( 54684) map
I (106) esp_image: segment 1: paddr=0001d5c4 vaddr=3ff80000 size=00020h (    32) load
I (107) esp_image: segment 2: paddr=0001d5ec vaddr=3ffb0000 size=02784h ( 10116) load
I (114) esp_image: segment 3: paddr=0001fd78 vaddr=40080000 size=002a0h (   672) load
I (118) esp_image: segment 4: paddr=00020020 vaddr=400d0020 size=22734h (141108) map
I (174) esp_image: segment 5: paddr=0004275c vaddr=400802a0 size=0f3f0h ( 62448) load
I (206) boot: Loaded app from partition at offset 0x10000
I (206) boot: DisaEnd of partition table
I (80) esp_image: segment 0: paddr=00010020 vaddr=3f400020 size=0d59ch ( 54684) map
I (106) esp_image: segment 1: paddr=0001d5c4 vaddr=3ff80000 size=00020h (    32) load
I (107) esp_image: segment 2: paddr=0001d5ec vaddr=3ffb0000 size=02784h ( 10116) load
I (114) esp_image: segment 3: paddr=0001fd78 vaddr=40080000 size=002a0h (   672) load
I (118) esp_image: segment 4: paddr=00020020 vaddr=400d0020 size=22734h (141108) map
I (174) esp_image: segment 5: paddr=0004275c vaddr=400802a0 size=0f3f0h ( 62448) load
I (206) boot: Loaded app from partition at offset 0x10000
I (206) boot: Disabling RNG early entropy source...
I (216) cpu_start: Multicore app
I (225) cpu_start: Pro cpu start user code
I (225) cpu_start: cpu freq: 160000000 Hz
I (225) app_init: Application information:
I (225) app_init: Project name:     feedlimiter
I (229) app_init: App version:      7373d29-dirty
I (233) app_init: Compile time:     Oct 30 2025 21:25:44
I (238) app_init: ELF file SHA256:  ae62dc91b...
I (243) app_init: ESP-IDF:          5.5.0
I (246) efuse_init: Min chip rev:     v0.0
I (250) efuse_init: Max chip rev:     v3.99 
I (254) efuse_init: Chip rev:         v1.0
I (258) heap_init: Initializing. RAM available for dynamic allocation:
I (265) heap_init: At 3FFAE6E0 len 00001920 (6 KiB): DRAM
I (270) heap_init: At 3FFB3218 len 0002CDE8 (179 KiB): DRAM
I (275) heap_init: At 3FFE0440 len 00003AE0 (14 KiB): D/IRAM
I (280) heap_init: At 3FFE4350 len 0001BCB0 (111 KiB): D/IRAM
I (286) heap_init: At 4008F690 len 00010970 (66 KiB): IRAM
I (292) spi_flash: detected chip: winbond
I (295) spi_flash: flash io: dio
I (299) main_task: Started on CPU0
I (309) main_task: Calling app_main()
E (309) gpio: gpio_pullup_en(78): GPIO number error (input-only pad has no internal PU)
I (309) button: IoT Butt
assert failed: vTaskGenericNotifyGiveFromISR tasks.c:6171 (xTaskToNotify)


Backtrace: 0x4008264d:0x3ffb1150 0x40086ca5:0x3ffb1170 0x4008d301:0x3ffb1190 0x40089eba:0x3ffb12b0 0x40081246:0x3ffb12d0 0x400812a7:0x3ffb1300 0x40081340:0x3ffb1340 0x40083b2d:0x3ffb1360 0x400d7119:0x3ffb9300 0x400d7830:0x3ffb9330 0x400e078e:0x3ffb9360 0x4000bd83:0x3ffb9380 0x4000182a:0x3ffb93a0 0x400daccd:0x3ffb93c0 0x400e078e:0x3ffb93e0 0x4000bd83:0x3ffb9400 0x4000117d:0x3ffb9420 0x400592fe:0x3ffb9440 0x4005937a:0x3ffb9460 0x400e15d9:0x3ffb9480 0x400e82fb:0x3ffb94b0 0x400e7d12:0x3ffb94d0 0x400e17a9:0x3ffb97f0 0x4008d03b:0x3ffb9820 0x400d2eac:0x3ffb9880 0x400d2338:0x3ffb98d0 0x400d1f91:0x3ffb9920 0x40087b25:0x3ffb9960




ELF file SHA256: ae62dc91b

Rebooting...
ets Jun  8 2016 00:22:57

rst:0xc (SW_CPU_RESET),boot:0x17 (SPI_FAST_FLASH_BOOT)
configsip: 0, SPIWP:0xee
clk_drv:0x00,q_drv:0x00,d_drv:0x00,cs0_drv:0x00,hd_drv:0x00,wp_drv:0x00
mode:DIO, clock div:2
load:0x3fff0030,len:6380
ho 0 tail 12 room 4
load:0x40078000,len:15916
load:0x40080400,len:3860
entry 0x40080630
I (29) boot: ESP-IDF 5.5.0 2nd stage bootloader
I (29) boot: compile time Oct 30 2025 21:25:56
I (29) boot: Multicore bootloader
I (30) boot: chip revision: v1.0
I (33) boot.esp32: SPI Speed      : 40MHz
I (37) boot.esp32: SPI Mode       : DIO
I (40) boot.esp32: SPI Flash Size : 4MB
I (44) boot: Enabling RNG early entropy source...
I (48) boot: Partition Table:
I (51) boot: ## Label            Usage          Type ST Offset   Length
I (57) boot:  0 nvs              WiFi data        01 02 00009000 00006000
I (64) boot:  1 phy_init         RF data          01 01 0000f000 00001000
I (70) boot:  2 factory          factory app      00 00 00010000 00100000
I (77) boot: End of partition table
I (80) esp_image: segment 0: paddr=00010020 vaddr=3f400020 size=0d59ch ( 54684) map
I (106) esp_image: segment 1: paddr=003:0x3ffb9380 0x4000182a:0x3ffb93a0 0x400daccd:0x3ffb93c0 0x400e078e:0x3ffb93e0 0x4000bd83:0x3ffb9400 0x4000117d:0x3ffb9420 0x400592fe:0x3ffb9440 0x4005937a:0x3ffb9460 0x400e15d9:0x3ffb9480 0x400e82fb:0x3ffb94b0 0x400e7d12:0x3ffb94d0 0x400e17a9:0x3ffb97f0 0x4008d03b:0x3ffb9820 0x400d2eac:0x3ffb9880 0x400d2338:0x3ffb98d0 0x400d1f91:0x3ffb9920 0x40087b25:0x3ffb9960




ELF file SHA256: ae62dc91b

Rebooting...
ets Jun  8 2016 00:22:57

rst:0xc (SW_CPU_RESET),boot:0x17 (SPI_FAST_FLASH_BOOT)
configsip: 0, SPIWP:0xee
clk_drv:0x00,q_drv:0x00,d_drv:0x00,cs0_drv:0x00,hd_drv:0x00,wp_drv:0x00
mode:DIO, clock div:2
load:0x3fff0030,len:6380
ho 0 tail 12 room 4
load:0x40078000,len:15916
load:0x40080400,len:3860
entry 0x40080630
I (29) boot: ESP-IDF 5.5.0 2nd stage bootloader
I (29) boot: compile time Oct 30 2025 21:25:56
I (29) boot: Multicore bootloader
I (30) boot: chip revision: v1.0
I (33) boot.esp32: SPI Speed      : 40MHz
I (37) boot.esp32: SPI Mode       : DIO
I (40) boot.esp32: SPI Flash Size : 4MB
I (44) boot: Enabling RNG early entropy source...
I (48) boot: Partition Table:
I (51) boot: ## Label            Usage          Type ST Offset   Length
I (57) boot:  0 nvs              WiFi data        01 02 00009000 00006000
I (64) boot:  1 phy_init         RF data          01 01 0000f000 00001000
I (70) boot:  2 factory          factory app      00 00 00010000 00100000
I (77) boot: End of partition table
I (80) esp_image: segment 0: paddr=00010020 vaddr=3f400020 size=0d59ch ( 54684) map
I (106) esp_image: segment 1: paddr=0001d5c4 vaddr=3ff80000 size=00020h (    32) load
I (107) esp_image: segment 2: paddr=0001d5ec vaddr=3ffb0000 size=02784h ( 10116) load
I (114) esp_image: segment 3: paddr=0001fd78 vaddr=40080000 size=002a0h (   672) load
I (118) esp_image: segment 4: paddr=00020020 vaddr=400d0020 size=22734h (141108) map
I (174) esp_image: segment 5: paddr=0004275c vaddr=400802a0 size=0f3f0h ( 62448) load
I (206) boot: Loaded app from partition at offset 0x10000
I (206) boot: Disabling RNG early entropy source...
I (216) cpu_start: Multicore app
I (225) cpu_start: Pro cpu start user code
I (225) cpu_start: cpu freq: 160000000 Hz
I (225) app_init: Application information:
I (225) app_init: Project name:     feedlimiter
I (229) app_init: App version:      7373d29-dirty
I (233) app_init: Compile time:     Oct 30 2025 21:25:44
I (238) app_init: ELF file SHA256:  ae62dc91b...
I (243) app_init: ESP-IDF:          5.5.0
I (246) efuse_init: Min chip rev:     v0.0
I (250) efuse_init: Max chip rev:     v3.99 
I (254) efuse_init: Chip rev:         v1.0
I (258) heap_init: Initializing. RAM available for dynamic allocation:
I (265) heap_init: At 3FFAE6E0 len 00001920 (6 KiB): DRAM
I (270) heap_init: At 3FFB3218 len 0002CDE8 (179 KiB): DRAM
I (275) heap_init: At 3FFE0440 len 00003AE0 (14 KiB): D/IRAM
I (280) heap_init: At 3FFE4350 len 0001BCB0 (111 KiB): D/IRAM
I (286) heap_init: At 4008F690 len 00010970 (66 KiB): IRAM
I (292) spi_flash: detected chip: winbond
I (295) spi_flash: flash io: dio
I (299) main_task: Started on CPU0
I (309) main_task: Calling app_main()
E (309) gpio: gpio_pullup_en(78): GPIO number error (input-only pad has no internal PU)
I (309) button: IoT Butt
assert failed: vTaskGenericNotifyGiveFromISR tasks.c:6171 (xTaskToNotify)


Backtrace: 0x4008264d:0x3ffb1150 0x40086ca5:0x3ffb1170 0x4008d301:0x3ffb1190 0x40089eba:0x3ffb12b0 0x40081246:0x3ffb12d0 0x400812a7:0x3ffb1300 0x40081340:0x3ffb1340 0x40083b2d:0x3ffb1360 0x400d7119:0x3ffb9300 0x400d7830:0x3ffb9330 0x400e078e:0x3ffb9360 0x4000bd83:0x3ffb9380 0x4000182a:0x3ffb93a0 0x400daccd:0x3ffb93c0 0x400e078e:0x3ffb93e0 0x4000bd83:0x3ffb9400 0x4000117d:0x3ffb9420 0x400592fe:0x3ffb9440 0x4005937a:0x3ffb9460 0x400e15d9:0x3ffb9480 0x400e82fb:0x3ffb94b0 0x400e7d12:0x3ffb94d0 0x400e17a9:0x3ffb97f0 0x4008d03b:0x3ffb9820 0x400d2eac:0x3ffb9880 0x400d2338:0x3ffb98d0 0x400d1f91:0x3ffb9920 0x40087b25:0x3ffb9960




ELF file SHA256: ae62dc91b

Rebooting...
ets Jun  8 2016 00:22:57

rst:0xc (SW_CPU_RESET),boot:0x17 (SPI_FAST_FLASH_BOOT)
configsip: 0, SPIWP:0xee
clk_drv:0x00,q_drv:0x00,d_drv:0x00,cs0_drv:0x00,hd_drv:0x00,wp_drv:0x00
mode:DIO, clock div:2
load:0x3fff0030,len:6380
ho 0 tail 12 room 4
load:0x40078000,len:15916
load:0x40080400,len:3860
entry 0x40080630
I (29) boot: ESP-IDF 5.5.0 2nd stage bootloader
I (29) boot: compile time Oct 30 2025 21:25:56
I (29) boot: Multicore boot00020 size=0d59ch ( 54684) map
I (106) esp_image: segment 1: paddr=0001d5c4 vaddr=3ff80000 size=00020h (    32) load
I (107) esp_image: segment 2: paddr=0001d5ec vaddr=3ffb0000 size=02784h ( 10116) load
I (114) esp_image: segment 3: paddr=0001fd78 vaddr=40080000 size=002a0h (   672) load
I (118) esp_image: segment 4: paddr=00020020 vaddr=400d0020 size=22734h (141108) map
I (174) esp_image: segment 5: paddr=0004275c vaddr=400802a0 size=0f3f0h ( 62448) load
I (206) boot: Loaded app from partition at offset 0x10000
I (206) boot: Disabling RNG early entropy source...
I (216) cpu_start: Multicore app
I (225) cpu_start: Pro cpu start user code
I (225) cpu_start: cpu freq: 160000000 Hz
I (225) app_init: Application information:
I (225) app_init: Project name:     feedlimiter
I (229) app_init: App version:      7373d29-dirty
I (233) app_init: Compile time:     Oct 30 2025 21:25:44
I (238) app_init: ELF file SHA256:  ae62dc91b...
I (243) app_init: ESP-IDF:          5.5.0
I (247) efuse_init: Min chip rev:     v0.0
I (250) efuse_init: Max chip rev:     v3.99 
I (254) efuse_init: Chip rev:         v1.0
I (258) heap_init: Initializing. RAM available for dynamic allocation:
I (265) heap_init: At 3FFAE6E0 len 00001920 (6 KiB): DRAM
I (270) heap_init: At 3FFB3218 len 0002CDE8 (179 KiB): DRAM
I (275) heap_init: At 3FFE0440 len 00003AE0 (14 KiB): D/IRAM
I (280) heap_init: At 3FFE4350 len 0001BCB0 (111 KiB): D/IRAM
I (286) heap_init: At 4008F690 len 00010970 (66 KiB): IRAM
I (292) spi_flash: detected chip: winbond
I (295) spi_flash: flash io: dio
I (299) main_task: Started on CPU0
I (309) main_task: Calling app_main()
E (309) gpio: gpio_pullup_en(78): GPIO number error (input-only pad has no internal PU)
I (309) button: IoT Butt
assert failed: vTaskGenericNotifyGiveFromISR tasks.c:6171 (xTaskToNotify)


Backtrace: 0x4008264d:0x3ffb1150 0x40086ca5:0x3ffb1170 0x4008d301:0x3ffb1190 0x40089eba:0x3ffb12b0 0x40081246:0x3ffb12d0 0x400812a7:0x3ffb1300 0x40081340:0x3ffb1340 0x40083b2d:0x3ffb1360 0x400d7119:0x3ffb9300 0x400d7830:0x3ffb9330 0x400e078e:0x3ffb9360 0x4000bd83:0x3ffb9380 0x4000182a:0x3ffb93a0 0x400daccd:0x3ffb93c0 0x400e078e:0x3ffb93e0 0x4000bd83:0x3ffb9400 0x4000117d:0x3ffb9420 0x400592fe:0x3ffb9440 0x4005937a:0x3ffb9460 0x400e15d9:0x3ffb9480 0x400e82fb:0x3ffb94b0 0x400e7d12:0x3ffb94d0 0x400e17a9:0x3ffb97f0 0x4008d03b:0x3ffb9820 0x400d2eac:0x3ffb9880 0x400d2338:0x3ffb98d0 0x400d1f91:0x3ffb9920 0x40087b25:0x3ffb9960




ELF file SHA256: ae62dc91b

Rebooting...
ets Jun  8 2016 00:22:57

rst:0xc (SW_CPU_RESET),boot:0x17 (SPI_FAST_FLASH_BOOT)
configsip: 0, SPIWP:0xee
clk_drv:0x00,q_drv:0x00,d_drv:0x00,cs0_drv:0x00,hd_drv:0x00,wp_drv:0x00
mode:DIO, clock div:2
load:0x3fff0030,len:6380
ho 0 tail 12 room 4
load:0x40078000,len:15916
load:0x40080400,len:3860
entry 0x40080630
I (29) boot: ESP-IDF 5.5.0 2nd stage bootloader
I (29) boot: compile time Oct 30 2025 21:25:56
I (29) boot: Multicore bootloader
I (30) boot: chip revision: v1.0
I (33) boot.esp32: SPI Speed      : 40MHz
I (37) boot.esp32: SPI Mode       : DIO
I (40) boot.esp32: SPI Flash Size : 4MB
I (44) boot: Enabling RNG early entropy source...
I (48) boot: Partition Table:
I (51) boot: ## Label            Usage          Type ST Offset   Length
I (57) boot:  0 nvs              WiFi data        01 02 00009000 00006000
I (64) boot:  1 phy_init         RF data          01 01 0000f000 00001000
I (70) boot:  2 factory          factory app      00 00 00010000 00100000
I (77) boot: End of partition table
I (80) esp_image: segment 0: paddr=00010020 vaddr=3f400020 size=0d59ch ( 54684) map
I (106) esp_image: segment 1: paddr=0001d5c4 vaddr=3ff80000 size=00020h (    32) load
I (107) esp_image: segment 2: paddr=0001d5ec vaddr=3ffb0000 size=02784h ( 10116) load
I (114) esp_image: segment 3: paddr=0001fd78 vaddr=40080000 size=002a0h (   672) load
I (118) esp_image: segment 4: paddr=00020020 vaddr=400d0020 size=22734h (141108) map
I (174) esp_image: segment 5: paddr=0004275c vaddr=400802a0 size=0f3f0h ( 62448) load
I (206) boot: Loaded app from partition at offset 0x10000
I (206) boot: Disabling RNG early entropy source...
I (216) cpu_start: Multicore app
I (225) cpu_start: Pro cpu start user code
I (225) cpu_start: cpu freq: 160000000 Hz
I (225) app_init: Application information:
I (225) app_init: Project name:     feedlimiter
I (229) app_init: App version:      7373d29-dirty
I (233) app_init: Compile time:     Oct 30 2025 21:25:44
I (238) app_init: ELF file SHA256:  ae62dc91b...
I (243) app_init: ESP-IDF:          5.5.0
I (246) efuse_init: Min chip rev:     v0.0
I (250) efuse_init: Max chip rev:     v3.99 
I (254) efuse_init: Chip rev:         v1.0
I (258) heap_init: Initializing. RAM available for dynamic allocation:
I (265) heap_init: At 3FFAE6E0 len 00001920 (6 KiB): DRAM
I (270) heap_init: At 3FFB3218 len 0002CDE8 (179 KiB): DRAM
I (275) heap_init: At 3FFE0440 len 00003AE0 (14 KiB): D/IRAM
I (280) heap_init: At 3FFE4350 len 0001BCB0 (111 KiB): D/IRAM
I (286) heap_init: At 4008F690 len 00010970 (66 KiB): IRAM
I (292) spi_flash: detected chip: winbond
I (295) spi_flash: flash io: dio
I (299) main_task: Started on CPU0
I (309) main_task: Calling app_main()
E (309) gpio: gpio_pullup_en(78): GPIO number error (input-only pad has no internal PU)
I (309) button: IoT Butt
assert failed: vTaskGenericNotifyGiveFromISR tasks.c:6171 (xTaskToNotify)


Backtrace: 0x4008264d:0x3ffb1150 0x40086ca5:0x3ffb1170 0x4008d301:0x3ffb1190 0x40089eba:0x3ffb12b0 0x40081246:0x3ffb12d0 0x400812a7:0x3ffb1300 0x40081340:0x3ffb1340 0x40083b2d:0x3ffb1360 0x400d7119:0x3ffb9300 0x400d7830:0x3ffb9330 0x400e078e:0x3ffb9360 0x4000bd83:0x3ffb9380 0x4000182a:0x3ffb93a0 0x400daccd:0x3ffb93c0 0x400e078e:0x3ffb93e0 0x4000bd83:0x3ffb9400 0x4000117d:0x3ffb9420 0x400592fe:0x3ffb9440 0x4005937a:0x3ffb9460 0x400e15d9:0x3ffb9480 0x400e82fb:0x3ffb94b0 0x400e7d12:0x3ffb94d0 0x400e17a9:0x3ffb97f0 0x4008d03b:0x3ffb9820 0x400d2eac:0x3ffb9880 0x400d2338:0x3ffb98d0 0x400d1f91:0x3ffb9920 0x40087b25:0x3ffb9960




ELF file SHA256: ae62dc91b

Rebooting...
ets Jun  8 2016 00:22:57

rst:0xc (SW_CPU_RESET),boot:0x17 (SPI_FAST_FLASH_BOOT)
configsip: 0, SPIWP:0xee
clk_drv:0x00,q_drv:0x00,d_drv:0x00,cs0_drv:0x00,hd_drv:0x00,wp_drv:0x00
mode:DIO, clock div:2
load:0x3fff0030,len:6380
ho 0 tail 12 room 4
load:0x40078000,len:15916
load:0x40080400,len:3860
entry 0x40080630
I (29) boot: ESP-IDF 5.5.0 2nd stage bootloader
I (29) boot: compile time Oct 30 2025 21:25:56
I (29) boot: Multicore bootloader
I (30) boot: chip revision: v1.0
I (33) boot.esp32: SPI Speed      : 40MHz
I (37) boot.esp32: SPI Mode       : DIO
I (40) boot.esp32: SPI Flash Size : 4MB
I (44) boot: Enabling RNG early entropy source...
I (48) boot: Partition Table:
I (51) boot: ## Label            Usage          Type ST Offset   Length
I (57) boot:  0 nvs              WiFi data        01 02 00009000 00006000
I (64) boot:  1 phy_init         RF data          01 01 0000f000 00001000
I (70) boot:  2 factory          factory app      00 00 00010000 00100000
I (77) boot: End of partition table
I (80) esp_image: segment 0: paddr=00010020 vaddr=3f400020 size=0d59ch ( 54684) map
I (106) esp_image: segment 1: paddr=0001d5c4 vaddr=3ff80000 size=00020h (    32) load
I (107) esp_image: segment 2: paddr=0001d5ec vaddr=3ffb0000 size=02784h ( 10116) load
I (114) esp_image: segment 3: paddr=0001fd78 vaddr=40080000 size=002a0h (   672) load
I (118) esp_image: segment 4: paddr=00020020 vaddr=400d0020 size=22734h (141108) map
I (174) esp_image: segment 5: paddr=0004275c vaddr=400802a0 size=0f3f0h ( 62448) load
I (206) boot: Loaded app from partition at offset 0x10000
I (206) boot: Disabling RNG early entropy source...
I (216) cpu_start: Multicore IDF:          5.5.0
I (246) efuse_init: Min chip rev:     v0.0
I (250) efuse_init: Max chip rev:     v3.99 
I (254) efuse_init: Chip rev:         v1.0
I (258) heap_init: Initializing. RAM available for dynamic allocation:
I (265) heap_init: At 3FFAE6E0 len 00001920 (6 KiB): DRAM
I (270) heap_init: At 3FFB3218 len 0002CDE8 (179 KiB): DRAM
I (275) heap_init: At 3FFE0440 len 00003AE0 (14 KiB): D/IRAM
I (280) heap_init: At 3FFE4350 len 0001BCB0 (111 KiB): D/IRAM
I (286) heap_init: At 4008F690 len 00010970 (66 KiB): IRAM
I (292) spi_flash: detected chip: winbond
I (295) spi_flash: flash io: dio
I (299) main_task: Started on CPU0
I (309) main_task: Calling app_main()
E (309) gpio: gpio_pullup_en(78): GPIO number error (input-only pad has no internal PU)
I (309) button: IoT Butt
assert failed: vTaskGenericNotifyGiveFromISR tasks.c:6171 (xTaskToNotify)


Backtrace: 0x4008264d:0x3ffb1150 0x40086ca5:0x3ffb1170 0x4008d301:0x3ffb1190 0x40089eba:0x3ffb12b0 0x40081246:0x3ffb12d0 0x400812a7:0x3ffb1300 0x40081340:0x3ffb1340 0x40083b2d:0x3ffb1360 0x400d7119:0x3ffb9300 0x400d7830:0x3ffb9330 0x400e078e:0x3ffb9360 0x4000bd83:0x3ffb9380 0x4000182a:0x3ffb93a0 0x400daccd:0x3ffb93c0 0x400e078e:0x3ffb93e0 0x4000bd83:0x3ffb9400 0x4000117d:0x3ffb9420 0x400592fe:0x3ffb9440 0x4005937a:0x3ffb9460 0x400e15d9:0x3ffb9480 0x400e82fb:0x3ffb94b0 0x400e7d12:0x3ffb94d0 0x400e17a9:0x3ffb97f0 0x4008d03b:0x3ffb9820 0x400d2eac:0x3ffb9880 0x400d2338:0x3ffb98d0 0x400d1f91:0x3ffb9920 0x40087b25:0x3ffb9960




ELF file SHA256: ae62dc91b

Rebooting...
ets Jun  8 2016 00:22:57

rst:0xc (SW_CPU_RESET),boot:0x17 (SPI_FAST_FLASH_BOOT)
configsip: 0, SPIWP:0xee
clk_drv:0x00,q_drv:0x00,d_drv:0x00,cs0_drv:0x00,hd_drv:0x00,wp_drv:0x00
mode:DIO, clock div:2
load:0x3fff0030,len:6380
ho 0 tail 12 room 4
load:0x40078000,len:15916
load:0x40080400,len:3860
entry 0x40080630
I (29) boot: ESP-IDF 5.5.0 2nd stage bootloader
I (29) boot: compile time Oct 30 2025 21:25:56
I (29) boot: Multicore bootloader
I (30) boot: chip revision: v1.0
I (33) boot.esp32: SPI Speed      : 40MHz
I (37) boot.esp32: SPI Mode       : DIO
I (40) boot.esp32: SPI Flash Size : 4MB
I (44) boot: Enabling RNG early entropy source...
I (48) boot: Partition Table:
I (51) boot: ## Label            Usage          Type ST Offset   Length
I (57) boot:  0 nvs              WiFi data        01 02 00009000 00006000
I (64) boot:  1 phy_init         RF data          01 01 0000f000 00001000
I (70) boot:  2 factory          factory app      00 00 00010000 00100000
I (77) boot: End of partition table
I (80) esp_image: segment 0: paddr=00010020 vaddr=3f400020 size=0d59ch ( 54684) map
I (106) esp_image: segment 1: paddr=0001d5c4 vaddr=3ff80000 size=00020h (    32) load
I (107) esp_image: segment 2: paddr=0001d5ec vaddr=3ffb0000 size=02784h ( 10116) load
I (114) esp_image: segment 3: paddr=0001fd78 vaddr=40080000 size=002a0h (   672) load
I (118) esp_image: segment 4: paddr=00020020 vaddr=400d0020 size=22734h (141108) map
I (174) esp_image: segment 5: paddr=0004275c vaddr=400802a0 size=0f3f0h ( 62448) load
I (206) boot: Loaded app from partition at offset 0x10000
I (206) boot: Disabling RNG early entropy source...
I (216) cpu_start: Multicore app
I (225) cpu_start: Pro cpu start user code
I (225) cpu_start: cpu freq: 160000000 Hz
I (225) app_init: Application information:
I (225) app_init: Project name:     feedlimiter
I (229) app_init: App version:      7373d29-dirty
I (233) app_init: Compile time:     Oct 30 2025 21:25:44
I (238) app_init: ELF file SHA256:  ae62dc91b...
I (243) app_init: ESP-IDF:          5.5.0
I (247) efuse_init: Min chip rev:     v0.0
I (250) efuse_init: Max chip rev:     v3.99 
I (254) efuse_init: Chip rev:         v1.0
I (258) heap_init: Initializing. RAM available for dynamic allocation:
I (265) heap_init: At 3FFAE6E0 len 00001920 (6 KiB): DRAM
I (270) heap_init: At 3FFB3218 len 0002CDE8 (179 KiB): DRAM
I (275) heap_init: At 3FFE0440 len 00003AE0 (14 KiB): D/IRAM
I (280) heap_init: At 3FFE4350 len 0001BCB0 (111 KiB): D/IRAM89eba:0x3ffb12b0 0x40081246:0x3ffb12d0 0x400812a7:0x3ffb1300 0x40081340:0x3ffb1340 0x40083b2d:0x3ffb1360 0x400d7119:0x3ffb9300 0x400d7830:0x3ffb9330 0x400e078e:0x3ffb9360 0x4000bd83:0x3ffb9380 0x4000182a:0x3ffb93a0 0x400daccd:0x3ffb93c0 0x400e078e:0x3ffb93e0 0x4000bd83:0x3ffb9400 0x4000117d:0x3ffb9420 0x400592fe:0x3ffb9440 0x4005937a:0x3ffb9460 0x400e15d9:0x3ffb9480 0x400e82fb:0x3ffb94b0 0x400e7d12:0x3ffb94d0 0x400e17a9:0x3ffb97f0 0x4008d03b:0x3ffb9820 0x400d2eac:0x3ffb9880 0x400d2338:0x3ffb98d0 0x400d1f91:0x3ffb9920 0x40087b25:0x3ffb9960




ELF file SHA256: ae62dc91b

Rebooting...
ets Jun  8 2016 00:22:57

rst:0xc (SW_CPU_RESET),boot:0x17 (SPI_FAST_FLASH_BOOT)
configsip: 0, SPIWP:0xee
clk_drv:0x00,q_drv:0x00,d_drv:0x00,cs0_drv:0x00,hd_drv:0x00,wp_drv:0x00
mode:DIO, clock div:2
load:0x3fff0030,len:6380
ho 0 tail 12 room 4
load:0x40078000,len:15916
load:0x40080400,len:3860
entry 0x40080630
I (29) boot: ESP-IDF 5.5.0 2nd stage bootloader
I (29) boot: compile time Oct 30 2025 21:25:56
I (29) boot: Multicore bootloader
I (30) boot: chip revision: v1.0
I (33) boot.esp32: SPI Speed      : 40MHz
I (37) boot.esp32: SPI Mode       : DIO
I (40) boot.esp32: SPI Flash Size : 4MB
I (44) boot: Enabling RNG early entropy source...
I (48) boot: Partition Table:
I (51) boot: ## Label            Usage          Type ST Offset   Length
I (57) boot:  0 nvs              WiFi data        01 02 00009000 00006000
I (64) boot:  1 phy_init         RF data          01 01 0000f000 00001000
I (70) boot:  2 factory          factory app      00 00 00010000 00100000
I (77) boot: End of partition table
I (80) esp_image: segment 0: paddr=00010020 vaddr=3f400020 size=0d59ch ( 54684) map
I (106) esp_image: segment 1: paddr=0001d5c4 vaddr=3ff80000 size=00020h (    32) load
I (107) esp_image: segment 2: paddr=0001d5ec vaddr=3ffb0000 size=02784h ( 10116) load
I (114) esp_image: segment 3: paddr=0001fd78 vaddr=40080000 size=002a0h (   672) load
I (118) esp_image: segment 4: paddr=00020020 vaddr=400d0020 size=22734h (141108) map
I (174) esp_image: segment 5: paddr=0004275c vaddr=400802a0 size=0f3f0h ( 62448) load
I (206) boot: Loaded app from partition at offset 0x10000
I (206) boot: Disabling RNG early entropy source...
I (216) cpu_start: Multicore app
I (225) cpu_start: Pro cpu start user code
I (225) cpu_start: cpu freq: 160000000 Hz
I (225) app_init: Application information:
I (225) app_init: Project name:     feedlimiter
I (229) app_init: App version:      7373d29-dirty
I (233) app_init: Compile time:     Oct 30 2025 21:25:44
I (238) app_init: ELF file SHA256:  ae62dc91b...
I (243) app_init: ESP-IDF:          5.5.0
I (247) efuse_init: Min chip rev:     v0.0
I (250) efuse_init: Max chip rev:     v3.99 
I (254) efuse_init: Chip rev:         v1.0
I (258) heap_init: Initializing. RAM available for dynamic allocation:
I (265) heap_init: At 3FFAE6E0 len 00001920 (6 KiB): DRAM
I (270) heap_init: At 3FFB3218 len 0002CDE8 (179 KiB): DRAM
I (275) heap_init: At 3FFE0440 len 00003AE0 (14 KiB): D/IRAM
I (280) heap_init: At 3FFE4350 len 0001BCB0 (111 KiB): D/IRAM
I (286) heap_init: At 4008F690 len 00010970 (66 KiB): IRAM
I (292) spi_flash: detected chip: winbond
I (295) spi_flash: flash io: dio
I (299) main_task: Started on CPU0
I (309) main_task: Calling app_main()
E (309) gpio: gpio_pullup_en(78): GPIO number error (input-only pad has no internal PU)
I (309) button: IoT Butt
assert failed: vTaskGenericNotifyGiveFromISR tasks.c:6171 (xTaskToNotify)


Backtrace: 0x4008264d:0x3ffb1150 0x40086ca5:0x3ffb1170 0x4008d301:0x3ffb1190 0x40089eba:0x3ffb12b0 0x40081246:0x3ffb12d0 0x400812a7:0x3ffb1300 0x40081340:0x3ffb1340 0x40083b2d:0x3ffb1360 0x400d7126:0x3ffb9300 0x400d7830:0x3ffb9330 0x400e078e:0x3ffb9360 0x4000bd83:0x3ffb9380 0x4000182a:0x3ffb93a0 0x400daccd:0x3ffb93c0 0x400e078e:0x3ffb93e0 0x4000bd83:0x3ffb9400 0x4000117d:0x3ffb9420 0x400592fe:0x3ffb9440 0x4005937a:0x3ffb9460 0x400e15d9:0x3ffb9480 0x400e82fb:0x3ffb94b0 0x400e7d12:0x3ffb94d0 0x400e17a9:0x3ffb97f0 0x4008d03b:0x3ffb9820 0x400d2eac:0x3ffb9880 0x400d2338:0x3ffb98d0 0x400d1f91:0x3ffb9920 0x40087b25:0x3ffb9960




ELF file SHA256: ae62dc91b

Rebooting...
ets Jun  8 2016 00:22:57

rst:0xc (SW_CPU_RESET),boot:0x17 (SPI_FAST_FLASH_BOOT)
configsip: 0, SPIWP:0xee
clk_drv:0x00,q_drv:0x00,d_drv:0x00,cs0_drv:0x00,hd_drv:0x00,wp_drv:0x00
mode:DIO,ce...
I (48) boot: Partition Table:
I (51) boot: ## Label            Usage          Type ST Offset   Length
I (57) boot:  0 nvs              WiFi data        01 02 00009000 00006000
I (64) boot:  1 phy_init         RF data          01 01 0000f000 00001000
I (70) boot:  2 factory          factory app      00 00 00010000 00100000
I (77) boot: End of partition table
I (80) esp_image: segment 0: paddr=00010020 vaddr=3f400020 size=0d59ch ( 54684) map
I (106) esp_image: segment 1: paddr=0001d5c4 vaddr=3ff80000 size=00020h (    32) load
I (107) esp_image: segment 2: paddr=0001d5ec vaddr=3ffb0000 size=02784h ( 10116) load
I (114) esp_image: segment 3: paddr=0001fd78 vaddr=40080000 size=002a0h (   672) load
I (118) esp_image: segment 4: paddr=00020020 vaddr=400d0020 size=22734h (141108) map
I (174) esp_image: segment 5: paddr=0004275c vaddr=400802a0 size=0f3f0h ( 62448) load
I (206) boot: Loaded app from partition at offset 0x10000
I (206) boot: Disabling RNG early entropy source...
I (216) cpu_start: Multicore app
I (225) cpu_start: Pro cpu start user code
I (225) cpu_start: cpu freq: 160000000 Hz
I (225) app_init: Application information:
I (225) app_init: Project name:     feedlimiter
I (229) app_init: App version:      7373d29-dirty
I (233) app_init: Compile time:     Oct 30 2025 21:25:44
I (238) app_init: ELF file SHA256:  ae62dc91b...
I (243) app_init: ESP-IDF:          5.5.0
I (247) efuse_init: Min chip rev:     v0.0
I (250) efuse_init: Max chip rev:     v3.99 
I (254) efuse_init: Chip rev:         v1.0
I (258) heap_init: Initializing. RAM available for dynamic allocation:
I (265) heap_init: At 3FFAE6E0 len 00001920 (6 KiB): DRAM
I (270) heap_init: At 3FFB3218 len 0002CDE8 (179 KiB): DRAM
I (275) heap_init: At 3FFE0440 len 00003AE0 (14 KiB): D/IRAM
I (280) heap_init: At 3FFE4350 len 0001BCB0 (111 KiB): D/IRAM
I (286) heap_init: At 4008F690 len 00010970 (66 KiB): IRAM
I (292) spi_flash: detected chip: winbond
I (295) spi_flash: flash io: dio
I (299) main_task: Started on CPU0
I (309) main_task: Calling app_main()
E (309) gpio: gpio_pullup_en(78): GPIO number error (input-only pad has no internal PU)
I (309) button: IoT Butt
assert failed: vTaskGenericNotifyGiveFromISR tasks.c:6171 (xTaskToNotify)


Backtrace: 0x4008264d:0x3ffb1150 0x40086ca5:0x3ffb1170 0x4008d301:0x3ffb1190 0x40089eba:0x3ffb12b0 0x40081246:0x3ffb12d0 0x400812a7:0x3ffb1300 0x40081340:0x3ffb1340 0x40083b2d:0x3ffb1360 0x400d7119:0x3ffb9300 0x400d7830:0x3ffb9330 0x400e078e:0x3ffb9360 0x4000bd83:0x3ffb9380 0x4000182a:0x3ffb93a0 0x400daccd:0x3ffb93c0 0x400e078e:0x3ffb93e0 0x4000bd83:0x3ffb9400 0x4000117d:0x3ffb9420 0x400592fe:0x3ffb9440 0x4005937a:0x3ffb9460 0x400e15d9:0x3ffb9480 0x400e82fb:0x3ffb94b0 0x400e7d12:0x3ffb94d0 0x400e17a9:0x3ffb97f0 0x4008d03b:0x3ffb9820 0x400d2eac:0x3ffb9880 0x400d2338:0x3ffb98d0 0x400d1f91:0x3ffb9920 0x40087b25:0x3ffb9960




ELF file SHA256: ae62dc91b

Rebooting...
ets Jun  8 2016 00:22:57

rst:0xc (SW_CPU_RESET),boot:0x17 (SPI_FAST_FLASH_BOOT)
configsip: 0, SPIWP:0xee
clk_drv:0x00,q_drv:0x00,d_drv:0x00,cs0_drv:0x00,hd_drv:0x00,wp_drv:0x00
mode:DIO, clock div:2
load:0x3fff0030,len:6380
ho 0 tail 12 room 4
load:0x40078000,len:15916
load:0x40080400,len:3860
entry 0x40080630
I (29) boot: ESP-IDF 5.5.0 2nd stage bootloader
I (29) boot: compile time Oct 30 2025 21:25:56
I (29) boot: Multicore bootloader
I (30) boot: chip revision: v1.0
I (33) boot.esp32: SPI Speed      : 40MHz
I (37) boot.esp32: SPI Mode       : DIO
I (40) boot.esp32: SPI Flash Size : 4MB
I (44) boot: Enabling RNG early entropy source...
I (48) boot: Partition Table:
I (51) boot: ## Label            Usage          Type ST Offset   Length
I (57) boot:  0 nvs              WiFi data        01 02 000092d0 0x400812a7:0x3ffb1300 0x40081340:0x3ffb1340 0x40083b2d:0x3ffb1360 0x400d7126:0x3ffb9300 0x400d7830:0x3ffb9330 0x400e078e:0x3ffb9360 0x4000bd83:0x3ffb9380 0x4000182a:0x3ffb93a0 0x400daccd:0x3ffb93c0 0x400e078e:0x3ffb93e0 0x4000bd83:0x3ffb9400 0x4000117d:0x3ffb9420 0x400592fe:0x3ffb9440 0x4005937a:0x3ffb9460 0x400e15d9:0x3ffb9480 0x400e82fb:0x3ffb94b0 0x400e7d12:0x3ffb94d0 0x400e17a9:0x3ffb97f0 0x4008d03b:0x3ffb9820 0x400d2eac:0x3ffb9880 0x400d2338:0x3ffb98d0 0x400d1f91:0x3ffb9920 0x40087b25:0x3ffb9960




ELF file SHA256: ae62dc91b

Rebooting...
ets Jun  8 2016 00:22:57

rst:0xc (SW_CPU_RESET),boot:0x17 (SPI_FAST_FLASH_BOOT)
configsip: 0, SPIWP:0xee
clk_drv:0x00,q_drv:0x00,d_drv:0x00,cs0_drv:0x00,hd_drv:0x00,wp_drv:0x00
mode:DIO, clock div:2
load:0x3fff0030,len:6380
ho 0 tail 12 room 4
load:0x40078000,len:15916
load:0x40080400,len:3860
entry 0x40080630
I (29) boot: ESP-IDF 5.5.0 2nd stage bootloader
I (29) boot: compile time Oct 30 2025 21:25:56
I (29) boot: Multicore bootloader
I (30) boot: chip revision: v1.0
I (33) boot.esp32: SPI Speed      : 40MHz
I (37) boot.esp32: SPI Mode       : DIO
I (40) boot.esp32: SPI Flash Size : 4MB
I (44) boot: Enabling RNG early entropy source...
I (48) boot: Partition Table:
I (51) boot: ## Label            Usage          Type ST Offset   Length
I (57) boot:  0 nvs              WiFi data        01 02 00009000 00006000
I (64) boot:  1 phy_init         RF data          01 01 0000f000 00001000
I (70) boot:  2 factory          factory app      00 00 00010000 00100000
I (77) boot: End of partition table
I (80) esp_image: segment 0: paddr=00010020 vaddr=3f400020 size=0d59ch ( 54684) map
I (106) esp_image: segment 1: paddr=0001d5c4 vaddr=3ff80000 size=00020h (    32) load
I (107) esp_image: segment 2: paddr=0001d5ec vaddr=3ffb0000 size=02784h ( 10116) load
I (114) esp_image: segment 3: paddr=0001fd78 vaddr=40080000 size=002a0h (   672) load
I (118) esp_image: segment 4: paddr=00020020 vaddr=400d0020 size=22734h (141108) map
I (174) esp_image: segment 5: paddr=0004275c vaddr=400802a0 size=0f3f0h ( 62448) load
I (206) boot: Loaded app from partition at offset 0x10000
I (206) boot: Disabling RNG early entropy source...
I (216) cpu_start: Multicore app
I (225) cpu_start: Pro cpu start user code
I (225) cpu_start: cpu freq: 160000000 Hz
I (225) app_init: Application information:
I (225) app_init: Project name:     feedlimiter
I (229) app_init: App version:      7373d29-dirty
I (233) app_init: Compile time:     Oct 30 2025 21:25:44
I (238) app_init: ELF file SHA256:  ae62dc91b...
I (243) app_init: ESP-IDF:          5.5.0
I (247) efuse_init: Min chip rev:     v0.0
I (250) efuse_init: Max chip rev:     v3.99 
I (254) efuse_init: Chip rev:         v1.0
I (258) heap_init: Initializing. RAM available for dynamic allocation:
I (265) heap_init: At 3FFAE6E0 len 00001920 (6 KiB): DRAM
I (270) heap_init: At 3FFB3218 len 0002CDE8 (179 KiB): DRAM
I (275) heap_init: At 3FFE0440 len 00003AE0 (14 KiB): D/IRAM
I (280) heap_init: At 3FFE4350 len 0001BCB0 (111 KiB): D/IRAM
I (286) heap_init: At 4008F690 len 00010970 (66 KiB): IRAM
I (292) spi_flash: detected chip: winbond
I (295) spi_flash: flash io: dio
I (299) main_task: Started on CPU0
I (309) main_task: Calling app_main()
E (309) gpio: gpio_pullup_en(78): GPIO number error (input-only pad has no internal PU)
I (309) button: IoT Butt
assert failed: vTaskGenericNotifyGiveFromISR tasks.c:6171 (xTaskToNotify)


Backtrace: 0x4008264d:0x3ffb1150 0x40086ca5:0x3ffb1170 0x4008d301:0x3ffb1190 0x40089eba:0x3ffb12b0 0x40081246:0x3ffb12d0 0x400812a7:0x3ffb1300 0x40081340:0x3ffb1340 0x40083b2d:0x3ffb1360 0x400d7119:0x3ffb9300 0x400d7830:0x3ffb9330 0x400e078e:0x3ffb9360 0x4000bd83:0x3ffb9380 0x4000182a:0x3ffb93a0 0x400daccd:0x3ffb93c0 0x400e078e:0x3ffb93e0 0x4000bd83:0x3ffb9400 0x4000117d:0x3ffb9420 0x400592fe:0x3ffb9440 0x4005937a:0x3ffb9460 0x400e15d9:0x3ffb9480 0x400e82fb:0x3ffb94b0 0x400e7d12:0x3ffb94d0 0x400e17a9:0x3ffb97f0 0x4008d03b:0x3ffb9820 0x400d2eac:0x3ffb9880 0x400d2338:0x3ffb98d0 0x400d1f91:0x3ffb9920 0x40087b25:0x3ffb9960




ELF file SHA256: ae62dc91b

Rebooting...
ets Jun  8 2016 00:22:57

rst:0xc (SW_CPU_RESET),boot:0x17 (SPI_FAST_FLASH_BOOT)
configsip: 0, SPIWP:0xee
clk_drv:0x00,q_drv:0x00,d_drv:0x00,cs0_drv:0x00,hd_drv:0x00,wp_drv:0x00
mode:DIO,0x400e82fb:0x3ffb94b0 0x400e7d12:0x3ffb94d0 0x400e17a9:0x3ffb97f0 0x4008d03b:0x3ffb9820 0x400d2eac:0x3ffb9880 0x400d2338:0x3ffb98d0 0x400d1f91:0x3ffb9920 0x40087b25:0x3ffb9960




ELF file SHA256: ae62dc91b

Rebooting...
ets Jun  8 2016 00:22:57

rst:0xc (SW_CPU_RESET),boot:0x17 (SPI_FAST_FLASH_BOOT)
configsip: 0, SPIWP:0xee
clk_drv:0x00,q_drv:0x00,d_drv:0x00,cs0_drv:0x00,hd_drv:0x00,wp_drv:0x00
mode:DIO, clock div:2
load:0x3fff0030,len:6380
ho 0 tail 12 room 4
load:0x40078000,len:15916
load:0x40080400,len:3860
entry 0x40080630
I (29) boot: ESP-IDF 5.5.0 2nd stage bootloader
I (29) boot: compile time Oct 30 2025 21:25:56
I (29) boot: Multicore bootloader
I (30) boot: chip revision: v1.0
I (33) boot.esp32: SPI Speed      : 40MHz
I (37) boot.esp32: SPI Mode       : DIO
I (40) boot.esp32: SPI Flash Size : 4MB
I (44) boot: Enabling RNG early entropy source...
I (48) boot: Partition Table:
I (51) boot: ## Label            Usage          Type ST Offset   Length
I (57) boot:  0 nvs              WiFi data        01 02 00009000 00006000
I (64) boot:  1 phy_init         RF data          01 01 0000f000 00001000
I (70) boot:  2 factory          factory app      00 00 00010000 00100000
I (77) boot: End of partition table
I (80) esp_image: segment 0: paddr=00010020 vaddr=3f400020 size=0d59ch ( 54684) map
I (106) esp_image: segment 1: paddr=0001d5c4 vaddr=3ff80000 size=00020h (    32) load
I (107) esp_image: segment 2: paddr=0001d5ec vaddr=3ffb0000 size=02784h ( 10116) load
I (114) esp_image: segment 3: paddr=0001fd78 vaddr=40080000 size=002a0h (   672) load
I (118) esp_image: segment 4: paddr=00020020 vaddr=400d0020 size=22734h (141108) map
I (174) esp_image: segment 5: paddr=0004275c vaddr=400802a0 size=0f3f0h ( 62448) load
I (206) boot: Loaded app from partition at offset 0x10000
I (206) boot: Disabling RNG early entropy source...
I (216) cpu_start: Multicore app
I (225) cpu_start: Pro cpu start user code
I (225) cpu_start: cpu freq: 160000000 Hz
I (225) app_init: Application information:
I (225) app_init: Project name:     feedlimiter
I (229) app_init: App version:      7373d29-dirty
I (233) app_init: Compile time:     Oct 30 2025 21:25:44
I (238) app_init: ELF file SHA256:  ae62dc91b...
I (243) app_init: ESP-IDF:          5.5.0
I (246) efuse_init: Min chip rev:     v0.0
I (250) efuse_init: Max chip rev:     v3.99 
I (254) efuse_init: Chip rev:         v1.0
I (258) heap_init: Initializing. RAM available for dynamic allocation:
I (265) heap_init: At 3FFAE6E0 len 00001920 (6 KiB): DRAM
I (270) heap_init: At 3FFB3218 len 0002CDE8 (179 KiB): DRAM
I (275) heap_init: At 3FFE0440 len 00003AE0 (14 KiB): D/IRAM
I (280) heap_init: At 3FFE4350 len 0001BCB0 (111 KiB): D/IRAM
I (286) heap_init: At 4008F690 len 00010970 (66 KiB): IRAM
I (292) spi_flash: detected chip: winbond
I (295) spi_flash: flash io: dio
I (299) main_task: Started on CPU0
I (309) main_task: Calling app_main()
E (309) gpio: gpio_pullup_en(78): GPIO number error (input-only pad has no internal PU)
I (309) button: IoT Butt
assert failed: vTaskGenericNotifyGiveFromISR tasks.c:6171 (xTaskToNotify)


Backtrace: 0x4008264d:0x3ffb1150 0x40086ca5:0x3ffb1170 0x4008d301:0x3ffb1190 0x40089eba:0x3ffb12b0 0x40081246:0x3ffb12d0 0x400812a7:0x3ffb1300 0x40081340:0x3ffb1340 0x40083b2d:0x3ffb1360 0x400d711c:0x3ffb9300 0x400d7830:0x3ffb9330 0x400e078e:0x3ffb9360 0x4000bd83:0x3ffb9380 0x4000182a:0x3ffb93a0 0x400daccd:0x3ffb93c0 0x400e078e:0x3ffb93e0 0x4000bd83:0x3ffb9400 0x4000117d:0x3ffb9420 0x400592fe:0x3ffb9440 0x4005937a:0x3ffb9460 0x400e15d9:0x3ffb9480 0x400e82fb:0x3ffb94b0 0x400e7d12:0x3ffb94d0 0x400e17a9:0x3ffb97f0 0x4008d03b:0x3ffb9820 0x400d2eac:0x3ffb9880 0x400d2338:0x3ffb98d0 0x400d1f91:0x3ffb9920 0x40087b25:0x3ffb9960




ELF file SHA256: ae62dc91b

Rebooting...
ets Jun  8 2016 00:22:57

rst:0xc (SW_CPU_RESET),boot:0x17 (SPI_FAST_FLASH_BOOT)
configsip: 0, SPIWP:0xee
clk_drv:0x00,q_drv:0x00,d_drv:0x00,cs0_drv:0x00,hd_drv:0x00,wp_drv:0x00
mode:DIO,At 3FFE0440 len 00003AE0 (14 KiB): D/IRAM
I (280) heap_init: At 3FFE4350 len 0001BCB0 (111 KiB): D/IRAM
I (286) heap_init: At 4008F690 len 00010970 (66 KiB): IRAM
I (292) spi_flash: detected chip: winbond
I (295) spi_flash: flash io: dio
I (299) main_task: Started on CPU0
I (309) main_task: Calling app_main()
E (309) gpio: gpio_pullup_en(78): GPIO number error (input-only pad has no internal PU)
I (309) button: IoT Butt
assert failed: vTaskGenericNotifyGiveFromISR tasks.c:6171 (xTaskToNotify)


Backtrace: 0x4008264d:0x3ffb1150 0x40086ca5:0x3ffb1170 0x4008d301:0x3ffb1190 0x40089eba:0x3ffb12b0 0x40081246:0x3ffb12d0 0x400812a7:0x3ffb1300 0x40081340:0x3ffb1340 0x40083b2d:0x3ffb1360 0x400d7126:0x3ffb9300 0x400d7830:0x3ffb9330 0x400e078e:0x3ffb9360 0x4000bd83:0x3ffb9380 0x4000182a:0x3ffb93a0 0x400daccd:0x3ffb93c0 0x400e078e:0x3ffb93e0 0x4000bd83:0x3ffb9400 0x4000117d:0x3ffb9420 0x400592fe:0x3ffb9440 0x4005937a:0x3ffb9460 0x400e15d9:0x3ffb9480 0x400e82fb:0x3ffb94b0 0x400e7d12:0x3ffb94d0 0x400e17a9:0x3ffb97f0 0x4008d03b:0x3ffb9820 0x400d2eac:0x3ffb9880 0x400d2338:0x3ffb98d0 0x400d1f91:0x3ffb9920 0x40087b25:0x3ffb9960




ELF file SHA256: ae62dc91b

Rebooting...
ets Jun  8 2016 00:22:57

rst:0xc (SW_CPU_RESET),boot:0x17 (SPI_FAST_FLASH_BOOT)
configsip: 0, SPIWP:0xee
clk_drv:0x00,q_drv:0x00,d_drv:0x00,cs0_drv:0x00,hd_drv:0x00,wp_drv:0x00
mode:DIO, clock div:2
load:0x3fff0030,len:6380
ho 0 tail 12 room 4
load:0x40078000,len:15916
load:0x40080400,len:3860
entry 0x40080630
I (29) boot: ESP-IDF 5.5.0 2nd stage bootloader
I (29) boot: compile time Oct 30 2025 21:25:56
I (29) boot: Multicore bootloader
I (30) boot: chip revision: v1.0
I (33) boot.esp32: SPI Speed      : 40MHz
I (37) boot.esp32: SPI Mode       : DIO
I (40) boot.esp32: SPI Flash Size : 4MB
I (44) boot: Enabling RNG early entropy source...
I (48) boot: Partition Table:
I (51) boot: ## Label            Usage          Type ST Offset   Length
I (57) boot:  0 nvs              WiFi data        01 02 00009000 00006000
I (64) boot:  1 phy_init         RF data          01 01 0000f000 00001000
I (70) boot:  2 factory          factory app      00 00 00010000 00100000
I (77) boot: End of partition table
I (80) esp_image: segment 0: paddr=00010020 vaddr=3f400020 size=0d59ch ( 54684) map
I (106) esp_image: segment 1: paddr=0001d5c4 vaddr=3ff80000 size=00020h (    32) load
I (107) esp_image: segment 2: paddr=0001d5ec vaddr=3ffb0000 size=02784h ( 10116) load
I (114) esp_image: segment 3: paddr=0001fd78 vaddr=40080000 size=002a0h (   672) load
I (118) esp_image: segment 4: paddr=00020020 vaddr=400d0020 size=22734h (141108) map
I (174) esp_image: segment 5: paddr=0004275c vaddr=400802a0 size=0f3f0h ( 62448) load
I (206) boot: Loaded app from partition at offset 0x10000
I (206) boot: Disabling RNG early entropy source...
I (216) cpu_start: Multicore app
I (225) cpu_start: Pro cpu start user code
I (225) cpu_start: cpu freq: 160000000 Hz
I (225) app_init: Application information:
I (225) app_init: Project name:     feedlimiter
I (229) app_init: App version:      7373d29-dirty
I (233) app_init: Compile time:     Oct 30 2025 21:25:44
I (238) app_init: ELF file SHA256:  ae62dc91b...
I (243) app_init: ESP-IDF:          5.5.0
I (247) efuse_init: Min chip rev:     v0.0
I (250) efuse_init: Max chip rev:     v3.99 
I (254) efuse_init: Chip rev:         v1.0
I (258) heap_init: Initializing. RAM available for dynamic allocation:
I (265) heap_init: At 3FFAE6E0 len 00001920 (6 KiB): DRAM
I (270) heap_init: At 3FFB3218 len 0002CDE8 (179 KiB): DRAM
I (275) heap_init: At 3FFE0440 len 00003AE0 (14 KiB): D/IRAM
I (280) heap_init: At 3FFE4350 len 0001BCB0 (111 KiB): D/IRAM
I (286) heap_init: At 4008F690 len 00010970 (66 KiB): IRAM
I (292) spi_flash: detected chip: winbond
I (295) spi_flash: flash io: dio
I (299) main_task: Started on CPU0
I (309) main_task: Calling app_main()
E (309) gpio: gpio_pullup_en(78): GPIO number error (input-only pad has no internal PU)
I (309) button: IoT Butt
assert failed: vTaskGenericNotifyGiveFromISR tasks.c:6171 (xTaskToNotify)


Backtrace: 0x4008264d:0x3ffb1150 0x40086ca5:0x3ffb1170 0x4008d301:0x3ffb1190 0x40089eba:0x3ffb12b0 0x400I (206) boot: Loaded app from partition at offset 0x10000
I (206) boot: Disabling RNG early entropy source...
I (216) cpu_start: Multicore app
I (225) cpu_start: Pro cpu start user code
I (225) cpu_start: cpu freq: 160000000 Hz
I (225) app_init: Application information:
I (225) app_init: Project name:     feedlimiter
I (229) app_init: App version:      7373d29-dirty
I (233) app_init: Compile time:     Oct 30 2025 21:25:44
I (238) app_init: ELF file SHA256:  ae62dc91b...
I (243) app_init: ESP-IDF:          5.5.0
I (246) efuse_init: Min chip rev:     v0.0
I (250) efuse_init: Max chip rev:     v3.99 
I (254) efuse_init: Chip rev:         v1.0
I (258) heap_init: Initializing. RAM available for dynamic allocation:
I (265) heap_init: At 3FFAE6E0 len 00001920 (6 KiB): DRAM
I (270) heap_init: At 3FFB3218 len 0002CDE8 (179 KiB): DRAM
I (275) heap_init: At 3FFE0440 len 00003AE0 (14 KiB): D/IRAM
I (280) heap_init: At 3FFE4350 len 0001BCB0 (111 KiB): D/IRAM
I (286) heap_init: At 4008F690 len 00010970 (66 KiB): IRAM
I (292) spi_flash: detected chip: winbond
I (295) spi_flash: flash io: dio
I (299) main_task: Started on CPU0
I (309) main_task: Calling app_main()
E (309) gpio: gpio_pullup_en(78): GPIO number error (input-only pad has no internal PU)
I (309) button: IoT Butt
assert failed: vTaskGenericNotifyGiveFromISR tasks.c:6171 (xTaskToNotify)


Backtrace: 0x4008264d:0x3ffb1150 0x40086ca5:0x3ffb1170 0x4008d301:0x3ffb1190 0x40089eba:0x3ffb12b0 0x40081246:0x3ffb12d0 0x400812a7:0x3ffb1300 0x40081340:0x3ffb1340 0x40083b2d:0x3ffb1360 0x400d7126:0x3ffb9300 0x400d7830:0x3ffb9330 0x400e078e:0x3ffb9360 0x4000bd83:0x3ffb9380 0x4000182a:0x3ffb93a0 0x400daccd:0x3ffb93c0 0x400e078e:0x3ffb93e0 0x4000bd83:0x3ffb9400 0x4000117d:0x3ffb9420 0x400592fe:0x3ffb9440 0x4005937a:0x3ffb9460 0x400e15d9:0x3ffb9480 0x400e82fb:0x3ffb94b0 0x400e7d12:0x3ffb94d0 0x400e17a9:0x3ffb97f0 0x4008d03b:0x3ffb9820 0x400d2eac:0x3ffb9880 0x400d2338:0x3ffb98d0 0x400d1f91:0x3ffb9920 0x40087b25:0x3ffb9960




ELF file SHA256: ae62dc91b

Rebooting...
ets Jun  8 2016 00:22:57

rst:0xc (SW_CPU_RESET),boot:0x17 (SPI_FAST_FLASH_BOOT)
configsip: 0, SPIWP:0xee
clk_drv:0x00,q_drv:0x00,d_drv:0x00,cs0_drv:0x00,hd_drv:0x00,wp_drv:0x00
mode:DIO, clock div:2
load:0x3fff0030,len:6380
ho 0 tail 12 room 4
load:0x40078000,len:15916
load:0x40080400,len:3860
entry 0x40080630
I (29) boot: ESP-IDF 5.5.0 2nd stage bootloader
I (29) boot: compile time Oct 30 2025 21:25:56
I (29) boot: Multicore bootloader
I (30) boot: chip revision: v1.0
I (33) boot.esp32: SPI Speed      : 40MHz
I (37) boot.esp32: SPI Mode       : DIO
I (40) boot.esp32: SPI Flash Size : 4MB
I (44) boot: Enabling RNG early entropy source...
I (48) boot: Partition Table:
I (51) boot: ## Label            Usage          Type ST Offset   Length
I (57) boot:  0 nvs              WiFi data        01 02 00009000 00006000
I (64) boot:  1 phy_init         RF data          01 01 0000f000 00001000
I (70) boot:  2 factory          factory app      00 00 00010000 00100000
I (77) boot: End of partition table
I (80) esp_image: segment 0: paddr=00010020 vaddr=3f400020 size=0d59ch ( 54684) map
I (106) esp_image: segment 1: paddr=0001d5c4 vaddr=3ff80000 size=00020h (    32) load
I (107) esp_image: segment 2: paddr=0001d5ec vaddr=3ffb0000 size=02784h ( 10116) load
I (114) esp_image: segment 3: paddr=0001fd78 vaddr=40080000 size=002a0h (   672) load
I (118) esp_image: segment 4: paddr=00020020 vaddr=400d0020 size=22734h (141108) map
I (174) esp_image: segment 5: paddr=0004275c vaddr=400802a0 size=0f3f0h ( 62448) load
I (206) boot: Loaded app from partition at offset 0x10000
I (206) boot: Disabling RNG early entropy source...
I (216) cpu_start: Multicore on:
I (225) app_init: Project name:     feedlimiter
I (229) app_init: App version:      7373d29-dirty
I (233) app_init: Compile time:     Oct 30 2025 21:25:44
I (238) app_init: ELF file SHA256:  ae62dc91b...
I (243) app_init: ESP-IDF:          5.5.0
I (247) efuse_init: Min chip rev:     v0.0
I (250) efuse_init: Max chip rev:     v3.99 
I (254) efuse_init: Chip rev:         v1.0
I (258) heap_init: Initializing. RAM available for dynamic allocation:
I (265) heap_init: At 3FFAE6E0 len 00001920 (6 KiB): DRAM
I (270) heap_init: At 3FFB3218 len 0002CDE8 (179 KiB): DRAM
I (275) heap_init: At 3FFE0440 len 00003AE0 (14 KiB): D/IRAM
I (280) heap_init: At 3FFE4350 len 0001BCB0 (111 KiB): D/IRAM
I (286) heap_init: At 4008F690 len 00010970 (66 KiB): IRAM
I (292) spi_flash: detected chip: winbond
I (295) spi_flash: flash io: dio
I (299) main_task: Started on CPU0
I (309) main_task: Calling app_main()
E (309) gpio: gpio_pullup_en(78): GPIO number error (input-only pad has no internal PU)
I (309) button: IoT Butt
assert failed: vTaskGenericNotifyGiveFromISR tasks.c:6171 (xTaskToNotify)


Backtrace: 0x4008264d:0x3ffb1150 0x40086ca5:0x3ffb1170 0x4008d301:0x3ffb1190 0x40089eba:0x3ffb12b0 0x40081246:0x3ffb12d0 0x400812a7:0x3ffb1300 0x40081340:0x3ffb1340 0x40083b2d:0x3ffb1360 0x400d7119:0x3ffb9300 0x400d7830:0x3ffb9330 0x400e078e:0x3ffb9360 0x4000bd83:0x3ffb9380 0x4000182a:0x3ffb93a0 0x400daccd:0x3ffb93c0 0x400e078e:0x3ffb93e0 0x4000bd83:0x3ffb9400 0x4000117d:0x3ffb9420 0x400592fe:0x3ffb9440 0x4005937a:0x3ffb9460 0x400e15d9:0x3ffb9480 0x400e82fb:0x3ffb94b0 0x400e7d12:0x3ffb94d0 0x400e17a9:0x3ffb97f0 0x4008d03b:0x3ffb9820 0x400d2eac:0x3ffb9880 0x400d2338:0x3ffb98d0 0x400d1f91:0x3ffb9920 0x40087b25:0x3ffb9960




ELF file SHA256: ae62dc91b

Rebooting...
ets Jun  8 2016 00:22:57

rst:0xc (SW_CPU_RESET),boot:0x17 (SPI_FAST_FLASH_BOOT)
configsip: 0, SPIWP:0xee
clk_drv:0x00,q_drv:0x00,d_drv:0x00,cs0_drv:0x00,hd_drv:0x00,wp_drv:0x00
mode:DIO, clock div:2
load:0x3fff0030,len:6380
ho 0 tail 12 room 4
load:0x40078000,len:15916
load:0x40080400,len:3860
entry 0x40080630
I (29) boot: ESP-IDF 5.5.0 2nd stage bootloader
I (29) boot: compile time Oct 30 2025 21:25:56
I (29) boot: Multicore bootloader
I (30) boot: chip revision: v1.0
I (33) boot.esp32: SPI Speed      : 40MHz
I (37) boot.esp32: SPI Mode       : DIO
I (40) boot.esp32: SPI Flash Size : 4MB
I (44) boot: Enabling RNG early entropy source...
I (48) boot: Partition Table:
I (51) boot: ## Label            Usage          Type ST Offset   Length
I (57) boot:  0 nvs              WiFi data        01 02 00009000 00006000
I (64) boot:  1 phy_init         RF data          01 01 0000f000 00001000
I (70) boot:  2 factory          factory app      00 00 00010000 00100000
I (77) boot: End of partition table
I (80) esp_image: segment 0: paddr=00010020 vaddr=3f400020 size=0d59ch ( 54684) map
I (106) esp_image: segment 1: paddr=0001d5c4 vaddr=3ff80000 size=00020h (    32) load
I (107) esp_image: segment 2: paddr=0001d5ec vaddr=3ffb0000 size=02784h ( 10116) load
I (114) esp_image: segment 3: paddr=0001fd78 vaddr=40080000 size=002a0h (   672) load
I (118) esp_image: segment 4: paddr=00020020 vaddr=400d0020 size=22734h (141108) map
I (174) esp_image: segment 5: paddr=0004275c vaddr=400802a0 size=0f3f0h ( 62448) load
I (206) boot: Loaded app from partition at offset 0x10000
I (206) boot: Disabling RNG early entropy source...
I (216) cpu_start: Multicore app
I (225) cpu_start: Pro cpu start user code
I (225) cpu_start: cpu freq: 160000000 Hz
I (225) app_init: Application information:
I (225) app_init: Project name:     feedlimiter
I (229) app_init: App version:      7373d29-dirty
I (233) app_init: Compile time:     Oct 30 2025 21:25:44
I (238) app_init: ELF file SHA256:  ae62dc91b...
I (243) app_init: ESP-IDF:          5.5.0
I (246) efuse_init: Min chip rev:     v0.0
I (I (174) esp_image: segment 5: paddr=0004275c vaddr=400802a0 size=0f3f0h ( 62448) load
I (206) boot: Loaded app from partition at offset 0x10000
I (206) boot: Disabling RNG early entropy source...
I (216) cpu_start: Multicore app
I (225) cpu_start: Pro cpu start user code
I (225) cpu_start: cpu freq: 160000000 Hz
I (225) app_init: Application information:
I (225) app_init: Project name:     feedlimiter
I (229) app_init: App version:      7373d29-dirty
I (233) app_init: Compile time:     Oct 30 2025 21:25:44
I (238) app_init: ELF file SHA256:  ae62dc91b...
I (243) app_init: ESP-IDF:          5.5.0
I (247) efuse_init: Min chip rev:     v0.0
I (250) efuse_init: Max chip rev:     v3.99 
I (254) efuse_init: Chip rev:         v1.0
I (258) heap_init: Initializing. RAM available for dynamic allocation:
I (265) heap_init: At 3FFAE6E0 len 00001920 (6 KiB): DRAM
I (270) heap_init: At 3FFB3218 len 0002CDE8 (179 KiB): DRAM
I (275) heap_init: At 3FFE0440 len 00003AE0 (14 KiB): D/IRAM
I (280) heap_init: At 3FFE4350 len 0001BCB0 (111 KiB): D/IRAM
I (286) heap_init: At 4008F690 len 00010970 (66 KiB): IRAM
I (292) spi_flash: detected chip: winbond
I (295) spi_flash: flash io: dio
I (299) main_task: Started on CPU0
I (309) main_task: Calling app_main()
E (309) gpio: gpio_pullup_en(78): GPIO number error (input-only pad has no internal PU)
I (309) button: IoT Butt
assert failed: vTaskGenericNotifyGiveFromISR tasks.c:6171 (xTaskToNotify)


Backtrace: 0x4008264d:0x3ffb1150 0x40086ca5:0x3ffb1170 0x4008d301:0x3ffb1190 0x40089eba:0x3ffb12b0 0x40081246:0x3ffb12d0 0x400812a7:0x3ffb1300 0x40081340:0x3ffb1340 0x40083b2d:0x3ffb1360 0x400d7119:0x3ffb9300 0x400d7830:0x3ffb9330 0x400e078e:0x3ffb9360 0x4000bd83:0x3ffb9380 0x4000182a:0x3ffb93a0 0x400daccd:0x3ffb93c0 0x400e078e:0x3ffb93e0 0x4000bd83:0x3ffb9400 0x4000117d:0x3ffb9420 0x400592fe:0x3ffb9440 0x4005937a:0x3ffb9460 0x400e15d9:0x3ffb9480 0x400e82fb:0x3ffb94b0 0x400e7d12:0x3ffb94d0 0x400e17a9:0x3ffb97f0 0x4008d03b:0x3ffb9820 0x400d2eac:0x3ffb9880 0x400d2338:0x3ffb98d0 0x400d1f91:0x3ffb9920 0x40087b25:0x3ffb9960




ELF file SHA256: ae62dc91b

Rebooting...
ets Jun  8 2016 00:22:57

rst:0xc (SW_CPU_RESET),boot:0x17 (SPI_FAST_FLASH_BOOT)
configsip: 0, SPIWP:0xee
clk_drv:0x00,q_drv:0x00,d_drv:0x00,cs0_drv:0x00,hd_drv:0x00,wp_drv:0x00
mode:DIO, clock div:2
load:0x3fff0030,len:6380
ho 0 tail 12 room 4
load:0x40078000,len:15916
load:0x40080400,len:3860
entry 0x40080630
I (29) boot: ESP-IDF 5.5.0 2nd stage bootloader
I (29) boot: compile time Oct 30 2025 21:25:56
I (29) boot: Multicore bootloader
I (30) boot: chip revision: v1.0
I (33) boot.esp32: SPI Speed      : 40MHz
I (37) boot.esp32: SPI Mode       : DIO
I (40) boot.esp32: SPI Flash Size : 4MB
I (44) boot: Enabling RNG early entropy source...
I (48) boot: Partition Table:
I (51) boot: ## Label            Usage          Type ST Offset   Length
I (57) boot:  0 nvs              WiFi data        01 02 00009000 00006000
I (64) boot:  1 phy_init         RF data          01 01 0000f000 00001000
I (70) boot:  2 factory          factory app      00 00 00010000 00100000
I (77) boot: End of partition table
I (80) esp_image: segment 0: paddr=00010020 vaddr=3f400020 size=0d59ch ( 54684) map
I (106) esp_image: segment 1: paddr=0001d5c4 vaddr=3ff80000 size=00020h (    32) load
I (107) esp_image: segment 2: paddr=0001d5ec vaddr=3ffb0000 size=02784h ( 10116) load
I (114) esp_image: segment 3: paddr=0001fd78 vaddr=40080000 size=002a0h (   672) load
I (118) esp_image: segment 4: paddr=00020020 vaddr=400d0020 size=22734h (141108) map
I (174) esp_image: segment 5: paddr=0004275c vaddr=400802a0 size=0f3f0h ( 62448) load
I (206) boot: Loaded app from partition at offset 0x10000
I (206) boot: Disabling RNG early entropy source...
I (216) cpu_start: Multicore app
I (225) cpu_start: Pro cpu start user code
I (225) cpu_start: cpu freq: 160000000 Hz
I (225) app_init: Application information:
I (225) app_init: Project name:     feedlimiter
I (229) app_init: App version:      7373d29-dirty
I (233) app_init: Compile time:     Oct 30 2025 21:25:44
I (238) app_init: ELF file SHA256:  ae62dc91b...
I (243) app_init: ESP-IDF:          5.5.0
I (247) efuse_init: Min chip rev:     v0.0
I ( 7373d29-dirty
I (233) app_init: Compile time:     Oct 30 2025 21:25:44
I (238) app_init: ELF file SHA256:  ae62dc91b...
I (243) app_init: ESP-IDF:          5.5.0
I (246) efuse_init: Min chip rev:     v0.0
I (250) efuse_init: Max chip rev:     v3.99 
I (254) efuse_init: Chip rev:         v1.0
I (258) heap_init: Initializing. RAM available for dynamic allocation:
I (265) heap_init: At 3FFAE6E0 len 00001920 (6 KiB): DRAM
I (270) heap_init: At 3FFB3218 len 0002CDE8 (179 KiB): DRAM
I (275) heap_init: At 3FFE0440 len 00003AE0 (14 KiB): D/IRAM
I (280) heap_init: At 3FFE4350 len 0001BCB0 (111 KiB): D/IRAM
I (286) heap_init: At 4008F690 len 00010970 (66 KiB): IRAM
I (292) spi_flash: detected chip: winbond
I (295) spi_flash: flash io: dio
I (299) main_task: Started on CPU0
I (309) main_task: Calling app_main()
E (309) gpio: gpio_pullup_en(78): GPIO number error (input-only pad has no internal PU)
I (309) button: IoT Butt
assert failed: vTaskGenericNotifyGiveFromISR tasks.c:6171 (xTaskToNotify)


Backtrace: 0x4008264d:0x3ffb1150 0x40086ca5:0x3ffb1170 0x4008d301:0x3ffb1190 0x40089eba:0x3ffb12b0 0x40081246:0x3ffb12d0 0x400812a7:0x3ffb1300 0x40081340:0x3ffb1340 0x40083b2d:0x3ffb1360 0x400d7126:0x3ffb9300 0x400d7830:0x3ffb9330 0x400e078e:0x3ffb9360 0x4000bd83:0x3ffb9380 0x4000182a:0x3ffb93a0 0x400daccd:0x3ffb93c0 0x400e078e:0x3ffb93e0 0x4000bd83:0x3ffb9400 0x4000117d:0x3ffb9420 0x400592fe:0x3ffb9440 0x4005937a:0x3ffb9460 0x400e15d9:0x3ffb9480 0x400e82fb:0x3ffb94b0 0x400e7d12:0x3ffb94d0 0x400e17a9:0x3ffb97f0 0x4008d03b:0x3ffb9820 0x400d2eac:0x3ffb9880 0x400d2338:0x3ffb98d0 0x400d1f91:0x3ffb9920 0x40087b25:0x3ffb9960




ELF file SHA256: ae62dc91b

Rebooting...
ets Jun  8 2016 00:22:57

rst:0xc (SW_CPU_RESET),boot:0x17 (SPI_FAST_FLASH_BOOT)
configsip: 0, SPIWP:0xee
clk_drv:0x00,q_drv:0x00,d_drv:0x00,cs0_drv:0x00,hd_drv:0x00,wp_drv:0x00
mode:DIO, clock div:2
load:0x3fff0030,len:6380
ho 0 tail 12 room 4
load:0x40078000,len:15916
load:0x40080400,len:3860
entry 0x40080630
I (29) boot: ESP-IDF 5.5.0 2nd stage bootloader
I (29) boot: compile time Oct 30 2025 21:25:56
I (29) boot: Multicore bootloader
I (30) boot: chip revision: v1.0
I (33) boot.esp32: SPI Speed      : 40MHz
I (37) boot.esp32: SPI Mode       : DIO
I (40) boot.esp32: SPI Flash Size : 4MB
I (44) boot: Enabling RNG early entropy source...
I (48) boot: Partition Table:
I (51) boot: ## Label            Usage          Type ST Offset   Length
I (57) boot:  0 nvs              WiFi data        01 02 00009000 00006000
I (64) boot:  1 phy_init         RF data          01 01 0000f000 00001000
I (70) boot:  2 factory          factory app      00 00 00010000 00100000
I (77) boot: End of partition table
I (80) esp_image: segment 0: paddr=00010020 vaddr=3f400020 size=0d59ch ( 54684) map
I (106) esp_image: segment 1: paddr=0001d5c4 vaddr=3ff80000 size=00020h (    32) load
I (107) esp_image: segment 2: paddr=0001d5ec vaddr=3ffb0000 size=02784h ( 10116) load
I (114) esp_image: segment 3: paddr=0001fd78 vaddr=40080000 size=002a0h (   672) load
I (118) esp_image: segment 4: paddr=00020020 vaddr=400d0020 size=22734h (141108) map
I (174) esp_image: segment 5: paddr=0004275c vaddr=400802a0 size=0f3f0h ( 62448) load
I (206) boot: Loaded app from partition at offset 0x10000
I (206) boot: Disabling RNG early entropy source...
I (216) cpu_start: Multicore app
I (225) cpu_start: Pro cpu start user code
I (225) cpu_start: cpu freq: 160000000 Hz
I (225) app_init: Application information:
I (225) app_init: Project name:     feedlimiter
I (229) app_init: App version:      7373d29-dirty
I (233) app_init: Compile time:     Oct 30 2025 21:25:44
I (238) app_init: ELF file SHA256:  ae62dc91b...
I (243) app_init: ESP-IDF:          5.5.0
I (247) efuse_init: Min chip rev:     v0.0
I (250) efuse_init: Max chip rev:     v3.99 
I (254) efuse_init: Chip rev:         vtasks.c:6171 (xTaskToNotify)


Backtrace: 0x4008264d:0x3ffb1150 0x40086ca5:0x3ffb1170 0x4008d301:0x3ffb1190 0x40089eba:0x3ffb12b0 0x40081246:0x3ffb12d0 0x400812a7:0x3ffb1300 0x40081340:0x3ffb1340 0x40083b2d:0x3ffb1360 0x400d7119:0x3ffb9300 0x400d7830:0x3ffb9330 0x400e078e:0x3ffb9360 0x4000bd83:0x3ffb9380 0x4000182a:0x3ffb93a0 0x400daccd:0x3ffb93c0 0x400e078e:0x3ffb93e0 0x4000bd83:0x3ffb9400 0x4000117d:0x3ffb9420 0x400592fe:0x3ffb9440 0x4005937a:0x3ffb9460 0x400e15d9:0x3ffb9480 0x400e82fb:0x3ffb94b0 0x400e7d12:0x3ffb94d0 0x400e17a9:0x3ffb97f0 0x4008d03b:0x3ffb9820 0x400d2eac:0x3ffb9880 0x400d2338:0x3ffb98d0 0x400d1f91:0x3ffb9920 0x40087b25:0x3ffb9960




ELF file SHA256: ae62dc91b

Rebooting...
ets Jun  8 2016 00:22:57

rst:0xc (SW_CPU_RESET),boot:0x17 (SPI_FAST_FLASH_BOOT)
configsip: 0, SPIWP:0xee
clk_drv:0x00,q_drv:0x00,d_drv:0x00,cs0_drv:0x00,hd_drv:0x00,wp_drv:0x00
mode:DIO, clock div:2
load:0x3fff0030,len:6380
ho 0 tail 12 room 4
load:0x40078000,len:15916
load:0x40080400,len:3860
entry 0x40080630
I (29) boot: ESP-IDF 5.5.0 2nd stage bootloader
I (29) boot: compile time Oct 30 2025 21:25:56
I (29) boot: Multicore bootloader
I (30) boot: chip revision: v1.0
I (33) boot.esp32: SPI Speed      : 40MHz
I (37) boot.esp32: SPI Mode       : DIO
I (40) boot.esp32: SPI Flash Size : 4MB
I (44) boot: Enabling RNG early entropy source...
I (48) boot: Partition Table:
I (51) boot: ## Label            Usage          Type ST Offset   Length
I (57) boot:  0 nvs              WiFi data        01 02 00009000 00006000
I (64) boot:  1 phy_init         RF data          01 01 0000f000 00001000
I (70) boot:  2 factory          factory app      00 00 00010000 00100000
I (77) boot: End of partition table
I (80) esp_image: segment 0: paddr=00010020 vaddr=3f400020 size=0d59ch ( 54684) map
I (106) esp_image: segment 1: paddr=0001d5c4 vaddr=3ff80000 size=00020h (    32) load
I (107) esp_image: segment 2: paddr=0001d5ec vaddr=3ffb0000 size=02784h ( 10116) load
I (114) esp_image: segment 3: paddr=0001fd78 vaddr=40080000 size=002a0h (   672) load
I (118) esp_image: segment 4: paddr=00020020 vaddr=400d0020 size=22734h (141108) map
I (174) esp_image: segment 5: paddr=0004275c vaddr=400802a0 size=0f3f0h ( 62448) load
I (206) boot: Loaded app from partition at offset 0x10000
I (206) boot: Disabling RNG early entropy source...
I (216) cpu_start: Multicore app
I (225) cpu_start: Pro cpu start user code
I (225) cpu_start: cpu freq: 160000000 Hz
I (225) app_init: Application information:
I (225) app_init: Project name:     feedlimiter
I (229) app_init: App version:      7373d29-dirty
I (233) app_init: Compile time:     Oct 30 2025 21:25:44
I (238) app_init: ELF file SHA256:  ae62dc91b...
I (243) app_init: ESP-IDF:          5.5.0
I (247) efuse_init: Min chip rev:     v0.0
I (250) efuse_init: Max chip rev:     v3.99 
I (254) efuse_init: Chip rev:         v1.0
I (258) heap_init: Initializing. RAM available for dynamic allocation:
I (265) heap_init: At 3FFAE6E0 len 00001920 (6 KiB): DRAM
I (270) heap_init: At 3FFB3218 len 0002CDE8 (179 KiB): DRAM
I (275) heap_init: At 3FFE0440 len 00003AE0 (14 KiB): D/IRAM
I (280) heap_init: At 3FFE4350 len 0001BCB0 (111 KiB): D/IRAM
I (286) heap_init: At 4008F690 len 00010970 (66 KiB): IRAM
I (292) spi_flash: detected chip: winbond
I (295) spi_flash: flash io: dio
I (299) main_task: Starte