
—Å3FFE0440 len 00003AE0 (14 KiB): D/IRAM
I (280) heap_init: At 3FFE4350 len 0001BCB0 (111 KiB): D/IRAM
I (285) heap_init: At 4008F678 len 00010988 (66 KiB): IRAM
I (292) spi_flash: detected chip: winbond
I (294) spi_flash: flash io: dio
I (298) main_task: Started on CPU0
I (308) main_task: Calling app_main()
E (308) gpio: gpio_pullup_en(78): GPIO number error (input-only pad has no internal PU)
I (308) button: IoT Button Version: 4.1.4
I (308) main: ADC0:    0; DAC0:    0; PID: 21.755001
I (318) led_gpio: LED Indicator Version: 2.0.2
I (318) main: ADC0:    0; DAC0:    0; PID: 21.755001
I (318) led_gpio: Indicator create successfully. type:GPIO mode, hardware_data:0x3ffbaf8c, blink_lists:custom
I (328) main: ADC0:    0; DAC0:    0; PID: 21.755001
I (338) main: ADC0:    0; DAC0:    0; PID: 21.755001
I (348) main: ADC0:    0; DAC0:    0; PID: 21.755001
I (348) main: ADC0:    0; DAC0:    0; PID: 21.755001
Guru Meditation Error: Core  0 panic'ed (Cache error). 
Cache disabled but cached memory region accessed

Core  0 register dump:
PC      : 0x400dbcf4  PS      : 0x00060034  A0      : 0x80081323  A1      : 0x3ffb1300  
A2      : 0x00000000  A3      : 0x3ffb2800  A4      : 0x800815c2  A5      : 0x3ffaf100  
A6      : 0x3ffb03d4  A7      : 0x3ffb7ca8  A8      : 0x80081253  A9      : 0x00060423  
A10     : 0x3ffb7cac  A11     : 0x3ffb88f4  A12     : 0x3ffb1304  A13     : 0x3ffb1308  
A14     : 0x00000003  A15     : 0x00060423  SAR     : 0x00000004  EXCCAUSE: 0x00000007  
EXCVADDR: 0x00000000  LBEG    : 0x00000000  LEND    : 0x00000000  LCOUNT  : 0x00000000  


Backtrace: 0x400dbcf1:0x3ffb1300 0x40081320:0x3ffb1340 0x40083b0d:0x3ffb1360 0x40083497:0x3ffaf140 0x40081ad9:0x3ffaf160 0x40087b0d:0x3ffaf180




ELF file SHA256: 91c57b2ef

Rebooting...
ets Jun  8 2016 00:22:57

rst:0x3 (SW_RESET),boot:0x17 (SPI_FAST_FLASH_BOOT)
configsip: 0, SPIWP:0xee
clk_drv:0x00,q_drv:0x00,d_drv:0x00,cs0_drv:0x00,hd_drv:0x00,wp_drv:0x00
mode:DIO, clock div:2
load:0x3fff0030,len:6380
ho 0 tail 12 room 4
load:0x40078000,len:15916
load:0x40080400,len:3860
entry 0x40080630
I (28) boot: ESP-IDF 5.5.0 2nd stage bootloader
I (28) boot: compile time Oct 30 2025 21:25:56
I (28) boot: Multicore bootloader
I (30) boot: chip revision: v1.0
I (33) boot.esp32: SPI Speed      : 40MHz
I (36) boot.esp32: SPI Mode       : DIO
I (40) boot.esp32: SPI Flash Size : 4MB
I (44) boot: Enabling RNG early entropy source...
I (48) boot: Partition Table:
I (51) boot: ## Label            Usage          Type ST Offset   Length
I (57) boot:  0 nvs              WiFi data        01 02 00009000 00006000
I (64) boot:  1 phy_init         RF data          01 01 0000f000 00001000
I (70) boot:  2 factory          factory app      00 00 00010000 00100000
I (77) boot: End of partition table
I (80) esp_image: segment 0: paddr=00010020 vaddr=3f400020 size=0d59ch ( 54684) map
I (106) esp_image: segment 1: paddr=0001d5c4 vaddr=3ff80000 size=00020h (    32) load
I (106) esp_image: segment 2: paddr=0001d5ec vaddr=3ffb0000 size=02784h ( 10116) load
I (114) esp_image: segment 3: paddr=0001fd78 vaddr=40080000 size=002a0h (   672) load
I (118) esp_image: segment 4: paddr=00020020 vaddr=400d0020 size=22734h (141108) map
I (173) esp_image: segment 5: paddr=0004275c vaddr=400802a0 size=0f3d8h ( 62424) load
I (205) boot: Loaded app from partition at offset 0x10000
I (205) boot: Disabling RNG early entropy source...
I (216) cpu_start: Multicore app
I (224) cpu_start: Pro cpu start user code
I (224) cpu_start: cpu freq: 160000000 Hz
I (224) app_init: Application information:
I (224) app_init: Project name:     feedlimiter
I (229) app_init: App version:      7373d29-dirty
I (233) app_init: Compile time:     Oct 30 2025 21:25:44
I (238) app_init: ELF file SHA256:  91c57b2ef...
I (242) app_init: ESP-IDF:          5.5.0
I (246) efuse_init: Min chip rev:     v0.0
I (250) efuse_init: Max chip rev:     v3.99 
I (254) efuse_init: Chip rev:         v1.0
I (258) heap_init: Initializing. RAM available for dynamic allocation:
I (264) heap_init: At 3FFAE6E0 len 00001920 (6 KiB): DRAM
I (269) heap_init: At 3FFB3218 len 0002CDE8 (179 KiB): DRAM
I (274) heap_init: At 3FFE0440 len 00003AE0 (14 KiB): D/IRAM
I (280) heap_init: At 3FFE4350 len 0001BCB0 (111 KiB): D/IRAM
I (285) heap_init: At 4008F678 len 00010988 (66 KiB): IRAM
I (292) spi_flash: detected chip: winbond
I (294) spi_flash: flash io: dio
I (298) main_task: Started on CPU0
I (308) main_task: Calling app_main()
E (308) gpio: gpio_pullup_en(78): GPIO number error (input-only pad has no internal PU)
I (308) button: IoT Button Version: 4.1.4
I (308) main: ADC0:    0; DAC0:    0; PID: 21.755001
I (318) led_gpio: LED Indicator Version: 2.0.2
I (318) main: ADC0:    0; DAC0:    0; PID: 21.755001
I (318) led_gpio: Indicator create successfully. type:GPIO mode, hardware_data:0x3ffbaf8c, blink_lists:custom
I (328) main: ADC0:    0; DAC0:    0; PID: 21.755001
I (338) main: ADC0:    0; DAC0:    0; PID: 21.755001
I (348) main: ADC0:    0; DAC0:    0; PID: 21.755001
I (348) main: ADC0:    0; DAC0:    0; PID: 21.755001
Guru Meditation Error: Core  0 panic'ed (Cache error). 
Cache disabled but cached memory region accessed

Core  0 register dump:
PC      : 0x400dbcf4  PS      : 0x00060034  A0      : 0x80081323  A1      : 0x3ffb1300  
A2      : 0x00000000  A3      : 0x3ffb2800  A4      : 0x800815c2  A5      : 0x3ffaf100  
A6      : 0x3ffb03d4  A7      : 0x3ffb7ca8  A8      : 0x80081253  A9      : 0x00060423  
A10     : 0x3ffb7cac  A11     : 0x3ffb88f4  A12     : 0x3ffb1304  A13     : 0x3ffb1308  
A14     : 0x00000003  A15     : 0x00060423  SAR     : 0x00000004  EXCCAUSE: 0x00000007  
EXCVADDR: 0x00000000  LBEG    : 0x00000000  LEND    : 0x00000000  LCOUNT  : 0x00000000  


Backtrace: 0x400dbcf1:0x3ffb1300 0x40081320:0x3ffb1340 0x40083b0d:0x3ffb1360 0x4008348e:0x3ffaf140 0x40081ad9:0x3ffaf160 0x40087b0d:0x3ffaf180




ELF file SHA256: 91c57b2ef

Rebooting...
ets Jun  8 2016 00:22:57

rst:0x3 (SW_RESET),boot:0x17 (SPI_FAST_FLASH_BOOT)
configsip: 0, SPIWP:0xee
clk_drv:0x00,q_drv:0x00,d_drv:0x00,cs0_drv:0x00,hd_drv:0x00,wp_drv:0x00
mode:DIO, clock div:2
load:0x3fff0030,len:6380
ho 0 tail 12 room 4
load:0x40078000,len:15916
load:0x40080400,len:3860
entry 0x40080630
I (28) boot: ESP-IDF 5.5.0 2nd stage bootloader
I (28) boot: compile time Oct 30 2025 21:25:56
I (28) boot: Multicore bootloader
I (30) boot: chip revision: v1.0
I (33) boot.esp32: SPI Speed      : 40MHz
I (36) boot.esp32: SPI Mode       : DIO
I (40) boot.esp32: SPI Flash Size : 4MB
I (44) boot: Enabling RNG early entropy source...
I (48) boot: Partition Table:
I (51) boot: ## Label            Usage          Type ST Offset   Length
I (57) boot:  0 nvs              WiFi data        01 02 00009000 00006000
I (64) boot:  1 phy_init         RF data          01 01 0000f000 00001000
I (70) boot:  2 factory          factory app      00 00 00010000 00100000
I (77) boot: End of partition table
I (80) esp_image: segment 0: paddr=00010020 vaddr=3f400020 size=0d59ch ( 54684) map
I (106) esp_image: segment 1: paddr=0001d5c4 vaddr=3ff80000 size=00020h (    32) load
I (106) esp_image: segment 2: paddr=0001d5ec vaddr=3ffb0000 size=02784h ( 10116) load
I (114) esp_image: segment 3: paddr=0001fd78 vaddr=40080000 size=002a0h (   672) load
I (118) esp_image: segment 4: paddr=00020020 vaddr=400d0020 size=22734h (141108) map
I (173) esp_image: segment 5: paddr=0004275c vaddr=400802a0 size=0f3d8h ( 62424) load
I (205) boot: Loaded app from partition at offset 0x10000
I (205) boot: Disabling RNG early entropy source...
I (216) cpu_start: Multicore app
I (224) cpu_start: Pro cpu start user code
I (224) cpu_start: cpu freq: 160000000 Hz
I (224) app_init: Application information:
I (224) app_init: Project name:     feedlimiter
I (229) app_init: App version:      7373d29-dirty
I (233) app_init: Compile time:     Oct 30 2025 21:25:44
I (238) app_init: ELF file SHA256:  91c57b2ef...
I (242) app_init: ESP-IDF:          5.5.0
I (246) efuse_init: Min chip rev:     v0.0
I (250) efuse_init: Max chip rev:     v3.99 
I (254) efuse_init: Chip rev:         v1.0
I (258) heap_init: Initializing. RAM available for dynamic allocation:
I (264) heap_init: At 3FFAE6E0 len 00001920 (6 KiB): DRAM
I (269) heap_init: At 3FFB3218 len 0002CDE8 (179 KiB): DRAM
I (274) heap_init: At 3FFE0440 len 00003AE0 (14 KiB): D/IRAM
I (280) heap_init: At 3FFE4350 len 0001BCB0 (111 KiB): D/IRAM
I (285) heap_init: At 4008F678 len 00010988 (66 KiB): IRAM
I (292) spi_flash: detected chip: winbond
I (294) spi_flash: flash io: dio
I (298) main_task: Started on CPU0
I (308) main_task: Calling app_main()
E (308) gpio: gpio_pullup_en(78): GPIO number error (input-only pad has no internal PU)
I (308) button: IoT Button Version: 4.1.4
I (308) main: ADC0:    0; DAC0:    0; PID: 21.755001
I (318) led_gpio: LED Indicator Version: 2.0.2
I (318) main: ADC0:    0; DAC0:    0; PID: 21.755001
I (318) led_gpio: Indicator create successfully. type:GPIO mode, hardware_data:0x3ffbaf8c, blink_lists:custom
I (328) main: ADC0:    0; DAC0:    0; PID: 21.755001
I (338) main: ADC0:    0; DAC0:    0; PID: 21.755001
I (348) main: ADC0:    0; DAC0:    0; PID: 21.755001
I (348) main: ADC0:    0; DAC0:    0; PID: 21.755001
Guru Meditation Error: Core  1 panic'ed (Unhandled debug exception). 
Debug exception reason: BREAK instr 
Core  1 register dump:
PC      : 0x400803c0  PS      : 0x00040036  A0      : 0x80083678  A1      : 0x3ffb9670  
A2      : 0x00000000  A3      : 0x00000000  A4      : 0x00000006  A5      : 0x3ffbb4b8  
A6      : 0x3ffbb2f8  A7      : 0x3ffbb8dc  A8      : 0x8008366e  A9      : 0x3ffb9650  
A10     : 0x3ffbb4b8  A11     : 0x00000000  A12     : 0x00000072  A13     : 0x00000001  
A14     : 0x3ffb2ffc  A15     : 0x00000000  SAR     : 0x00000014  EXCCAUSE: 0x00000001  
EXCVADDR: 0xfffffff1  LBEG    : 0x40001699  LEND    : 0x400016aa  LCOUNT  : 0xfffffffc  


Backtrace: 0x400803bd:0x3ffb9670 0x40083675:0x3ffb9690 0x4008df93:0x3ffb96b0 0x4008da09:0x3ffb96d0 0x400f01df:0x3ffb9710 0x400df2eb:0x3ffb9740 0x400f0b52:0x3ffb9760 0x400dd6ed:0x3ffb9780 0x400dea7c:0x3ffb97e0 0x400df4ce:0x3ffb9840 0x400df541:0x3ffb9860 0x400dcbd6:0x3ffb9890 0x400dcbea:0x3ffb98c0 0x400d1ad3:0x3ffb98e0 0x400d2034:0x3ffb9920 0x40087b0d:0x3ffb9960


Core  0 register dump:
PC      : 0x400dbcf4  PS      : 0x00060034  A0      : 0x80081323  A1      : 0x3ffb1300  
A2      : 0x00000000  A3      : 0x3ffb2800  A4      : 0x800815c2  A5      : 0x3ffaf100  
A6      : 0x3ffb03d4  A7      : 0x3ffb7ca8  A8      : 0x80081253  A9      : 0x00060423  
A10     : 0x3ffb7cac  A11     : 0x3ffb88f4  A12     : 0x3ffb1304  A13     : 0x3ffb1308  
A14     : 0x00000003  A15     : 0x00060423  SAR     : 0x00000004  EXCCAUSE: 0x00000007  
EXCVADDR: 0x00000000  LBEG    : 0x00000000  LEND    : 0x00000000  LCOUNT  : 0x00000000  


Backtrace: 0x400dbcf1:0x3ffb1300 0x40081320:0x3ffb1340 0x40083b0d:0x3ffb1360 0x4008348e:0x3ffaf140 0x40081ad9:0x3ffaf160 0x40087b0d:0x3ffaf180




ELF file SHA256: 91c57b2ef

Rebooting...
ets Jun  8 2016 00:22:57

rst:0x3 (SW_RESET),boot:0x17 (SPI_FAST_FLASH_BOOT)
configsip: 0, SPIWP:0xee
clk_drv:0x00,q_drv:0x00,d_drv:0x00,cs0_drv:0x00,hd_drv:0x00,wp_drv:0x00
mode:DIO, clock div:2
load:0x3fff0030,len:6380
ho 0 tail 12 room 4
load:0x40078000,len:15916
load:0x40080400,len:3860
entry 0x40080630
I (28) boot: ESP-IDF 5.5.0 2nd stage bootloader
I (28) boot: compile time Oct 30 2025 21:25:56
I (28) boot: Multicore bootloader
I (30) boot: chip revision: v1.0
I (33) boot.esp32: SPI Speed      : 40MHz
I (36) boot.esp32: SPI Mode       : DIO
I (40) boot.esp32: SPI Flash Size : 4MB
I (44) boot: Enabling RNG early entropy source...
I (48) boot: Partition Table:
I (51) boot: ## Label            Usage          Type ST Offset   Length
I (57) boot:  0 nvs              WiFi data        01 02 00009000 00006000
I (64) boot:  1 phy_init         RF data          01 01 0000f000 00001000
I (70) boot:  2 factory          factory app      00 00 00010000 00100000
I (77) boot: End of partition table
I (80) esp_image: segment 0: paddr=00010020 vaddr=3f400020 size=0d59ch ( 54684) map
I (106) esp_image: segment 1: paddr=0001d5c4 vaddr=3ff80000 size=00020h (    32) load
I (106) esp_image: segment 2: paddr=0001d5ec vaddr=3ffb0000 size=02784h ( 10116) load
I (114) esp_image: segment 3: paddr=0001fd78 vaddr=40080000 size=002a0h (   672) load
I (118) esp_image: segment 4: paddr=00020020 vaddr=400d0020 size=22734h (141108) map
I (173) esp_image: segment 5: paddr=0004275c vaddr=400802a0 size=0f3d8h ( 62424) load
I (205) boot: Loaded app from partition at offset 0x10000
I (205) boot: Disabling RNG early entropy source...
I (216) cpu_start: Multicore app
I (224) cpu_start: Pro cpu start user code
I (224) cpu_start: cpu freq: 160000000 Hz
I (224) app_init: Application information:
I (224) app_init: Project name:     feedlimiter
I (229) app_init: App version:      7373d29-dirty
I (233) app_init: Compile time:     Oct 30 2025 21:25:44
I (238) app_init: ELF file SHA256:  91c57b2ef...
I (242) app_init: ESP-IDF:          5.5.0
I (246) efuse_init: Min chip rev:     v0.0
I (250) efuse_init: Max chip rev:     v3.99 
I (254) efuse_init: Chip rev:         v1.0
I (258) heap_init: Initializing. RAM available for dynamic allocation:
I (264) heap_init: At 3FFAE6E0 len 00001920 (6 KiB): DRAM
I (269) heap_init: At 3FFB3218 len 0002CDE8 (179 KiB): DRAM
I (274) heap_init: At 3FFE0440 len 00003AE0 (14 KiB): D/IRAM
I (280) heap_init: At 3FFE4350 len 0001BCB0 (111 KiB): D/IRAM
I (285) heap_init: At 4008F678 len 00010988 (66 KiB): IRAM
I (292) spi_flash: detected chip: winbond
I (294) spi_flash: flash io: dio
I (298) main_task: Started on CPU0
I (308) main_task: Calling app_main()
E (308) gpio: gpio_pullup_en(78): GPIO number error (input-only pad has no internal PU)
I (308) button: IoT Button Version: 4.1.4
I (308) main: ADC0:    0; DAC0:    0; PID: 21.755001
I (318) led_gpio: LED Indicator Version: 2.0.2
I (318) main: ADC0:    0; DAC0:    0; PID: 21.755001
I (318) led_gpio: Indicator create successfully. type:GPIO mode, hardware_data:0x3ffbaf8c, blink_lists:custom
I (328) main: ADC0:    0; DAC0:    0; PID: 21.755001
I (338) main: ADC0:    0; DAC0:    0; PID: 21.755001
I (348) main: ADC0:    0; DAC0:    0; PID: 21.755001
I (348) main: ADC0:    0; DAC0:    0; PID: 21.755001
Guru Meditation Error: Core  0 panic'ed (Cache error). 
Cache disabled but cached memory region accessed

Core  0 register dump:
PC      : 0x400dbcf4  PS      : 0x00060034  A0      : 0x80081323  A1      : 0x3ffb1300  
A2      : 0x00000000  A3      : 0x3ffb2800  A4      : 0x800815c2  A5      : 0x3ffaf100  
A6      : 0x3ffb03d4  A7      : 0x3ffb7ca8  A8      : 0x80081253  A9      : 0x00060423  
A10     : 0x3ffb7cac  A11     : 0x3ffb88f4  A12     : 0x3ffb1304  A13     : 0x3ffb1308  
A14     : 0x00000003  A15     : 0x00060423  SAR     : 0x00000004  EXCCAUSE: 0x00000007  
EXCVADDR: 0x00000000  LBEG    : 0x00000000  LEND    : 0x00000000  LCOUNT  : 0x00000000  


Backtrace: 0x400dbcf1:0x3ffb1300 0x40081320:0x3ffb1340 0x40083b0d:0x3ffb1360 0x4008348e:0x3ffaf140 0x40081ad9:0x3ffaf160 0x40087b0d:0x3ffaf180




ELF file SHA256: 91c57b2ef

Rebooting...
ets Jun  8 2016 00:22:57

rst:0x3 (SW_RESET),boot:0x17 (SPI_FAST_FLASH_BOOT)
configsip: 0, SPIWP:0xee
clk_drv:0x00,q_drv:0x00,d_drv:0x00,cs0_drv:0x00,hd_drv:0x00,wp_drv:0x00
mode:DIO, clock div:2
load:0x3fff0030,len:6380
ho 0 tail 12 room 4
load:0x40078000,len:15916
load:0x40080400,len:3860
entry 0x40080630
I (28) boot: ESP-IDF 5.5.0 2nd stage bootloader
I (28) boot: compile time Oct 30 2025 21:25:56
I (28) boot: Multicore bootloader
I (30) boot: chip revision: v1.0
I (33) boot.esp32: SPI Speed      : 40MHz
I (36) boot.esp32: SPI Mode       : DIO
I (40) boot.esp32: SPI Flash Size : 4MB
I (44) boot: Enabling RNG early entropy source...
I (48) boot: Partition Table:
I (51) boot: ## Label            Usage          Type ST Offset   Length
I (57) boot:  0 nvs              WiFi data        01 02 00009000 .755001
I (348) main: ADC0:    0; DAC0:    0; PID: 21.755001
I (348) main: ADC0:    0; DAC0:    0; PID: 21.755001
Guru Meditation Error: Core  0 panic'ed (Cache error). 
Cache disabled but cached memory region accessed

Core  0 register dump:
PC      : 0x400dbcf4  PS      : 0x00060034  A0      : 0x80081323  A1      : 0x3ffb1300  
A2      : 0x00000000  A3      : 0x3ffb2800  A4      : 0x800815c2  A5      : 0x3ffaf100  
A6      : 0x3ffb03d4  A7      : 0x3ffb7ca8  A8      : 0x80081253  A9      : 0x00060423  
A10     : 0x3ffb7cac  A11     : 0x3ffb88f4  A12     : 0x3ffb1304  A13     : 0x3ffb1308  
A14     : 0x00000003  A15     : 0x00060423  SAR     : 0x00000004  EXCCAUSE: 0x00000007  
EXCVADDR: 0x00000000  LBEG    : 0x00000000  LEND    : 0x00000000  LCOUNT  : 0x00000000  


Backtrace: 0x400dbcf1:0x3ffb1300 0x40081320:0x3ffb1340 0x40083b0d:0x3ffb1360 0x4008348e:0x3ffaf140 0x40081ad9:0x3ffaf160 0x40087b0d:0x3ffaf180




ELF file SHA256: 91c57b2ef

Rebooting...
ets Jun  8 2016 00:22:57

rst:0x3 (SW_RESET),boot:0x17 (SPI_FAST_FLASH_BOOT)
configsip: 0, SPIWP:0xee
clk_drv:0x00,q_drv:0x00,d_drv:0x00,cs0_drv:0x00,hd_drv:0x00,wp_drv:0x00
mode:DIO, clock div:2
load:0x3fff0030,len:6380
ho 0 tail 12 room 4
load:0x40078000,len:15916
load:0x40080400,len:3860
entry 0x40080630
I (28) boot: ESP-IDF 5.5.0 2nd stage bootloader
I (28) boot: compile time Oct 30 2025 21:25:56
I (28) boot: Multicore bootloader
I (30) boot: chip revision: v1.0
I (33) boot.esp32: SPI Speed      : 40MHz
I (36) boot.esp32: SPI Mode       : DIO
I (40) boot.esp32: SPI Flash Size : 4MB
I (44) boot: Enabling RNG early entropy source...
I (48) boot: Partition Table:
I (51) boot: ## Label            Usage          Type ST Offset   Length
I (57) boot:  0 nvs              WiFi data        01 02 00009000 00006000
I (64) boot:  1 phy_init         RF data          01 01 0000f000 00001000
I (70) boot:  2 factory          factory app      00 00 00010000 00100000
I (77) boot: End of partition table
I (80) esp_image: segment 0: paddr=00010020 vaddr=3f400020 size=0d59ch ( 54684) map
I (106) esp_image: segment 1: paddr=0001d5c4 vaddr=3ff80000 size=00020h (    32) load
I (106) esp_image: segment 2: paddr=0001d5ec vaddr=3ffb0000 size=02784h ( 10116) load
I (114) esp_image: segment 3: paddr=0001fd78 vaddr=40080000 size=002a0h (   672) load
I (118) esp_image: segment 4: paddr=00020020 vaddr=400d0020 size=22734h (141108) map
I (173) esp_image: segment 5: paddr=0004275c vaddr=400802a0 size=0f3d8h ( 62424) load
I (205) boot: Loaded app from partition at offset 0x10000
I (205) boot: Disabling RNG early entropy source...
I (216) cpu_start: Multicore app
I (224) cpu_start: Pro cpu start user code
I (224) cpu_start: cpu freq: 160000000 Hz
I (224) app_init: Application information:
I (224) app_init: Project name:     feedlimiter
I (229) app_init: App version:      7373d29-dirty
I (233) app_init: Compile time:     Oct 30 2025 21:25:44
I (238) app_init: ELF file SHA256:  91c57b2ef...
I (242) app_init: ESP-IDF:          5.5.0
I (246) efuse_init: Min chip rev:     v0.0
I (250) efuse_init: Max chip rev:     v3.99 
I (254) efuse_init: Chip rev:         v1.0
I (258) heap_init: Initializing. RAM available for dynamic allocation:
I (264) heap_init: At 3FFAE6E0 len 00001920 (6 KiB): DRAM
I (269) heap_init: At 3FFB3218 len 0002CDE8 (179 KiB): DRAM
I (274) heap_init: At 3FFE0440 len 00003AE0 (14 KiB): D/IRAM
I (280) heap_init: At 3FFE4350 len 0001BCB0 (111 KiB): D/IRAM
I (285) heap_init: At 4008F678 len 00010988 (66 KiB): IRAM
I (292) spi_flash: detected chip: winbond
I (294) spi_flash: flash io: dio
I (298) main_task: Started on CPU0
I (308) main_task: Calling app_main()
E (308) gpio: gpio_pullup_en(78): GPIO number error (input-only pad has no internal PU)
I (308) button: IoT Button Version: 4.1.4
I (308) main: ADC0:    0; DAC0:    0; PID: 21.755001
I (318) led_gpio: LED Indicator Version: 2.0.2
I (318) main: ADC0:    0; DAC0:    0; PID: 21.755001
I (318) led_gpio: Indicator create successfully. type:GPIO mode, hardware_data:0x3ffbaf8c, blink_lists:custom
I (328) main: ADC0:    0; DAC0:    0; PID: 21.755001
I (338) main: ADC0:    0; DAC0:    0; PID: 21.755001
I (348) main: ADC0:    0; DAC0:    0; PID: 21.755001
I (348) main: ADC0:    0; DAC0:    0; PID: 21.755001
Guru Meditation Error: Core  1 panic'ed (Unhandled debug exception). 
Debug exception reason: BREAK instr 
Core  1 register dump:
PC      : 0x400803c0  PS      : 0x00040036  A0      : 0x80083678  A1      : 0x3ffb9670  
A2      : 0x00000000  A3      : 0x00000000  A4      : 0x00000006  A5      : 0x3ffbb4b8  
A6      : 0x3ffbb2f8  A7      : 0x3ffbb8dc  A8      : 0x8008366e  A9      : 0x3ffb9650  
A10     : 0x3ffbb4b8  A11     : 0x00000000  A12     : 0x00000072  A13     : 0x00000001  
A14     : 0x3ffb2ffc  A15     : 0x00000000  SAR     : 0x00000014  EXCCAUSE: 0x00000001  
EXCVADDR: 0xfffffff1  LBEG    : 0x40001699  LEND    : 0x400016aa  LCOUNT  : 0xfffffffc  


Backtrace: 0x400803bd:0x3ffb9670 0x40083675:0x3ffb9690 0x4008df93:0x3ffb96b0 0x4008da09:0x3ffb96d0 0x400f01df:0x3ffb9710 0x400df2eb:0x3ffb9740 0x400f0b52:0x3ffb9760 0x400dd6ed:0x3ffb9780 0x400dea7c:0x3ffb97e0 0x400df4ce:0x3ffb9840 0x400df541:0x3ffb9860 0x400dcbd6:0x3ffb9890 0x400dcbea:0x3ffb98c0 0x400d1ad3:0x3ffb98e0 0x400d2034:0x3ffb9920 0x40087b0d:0x3ffb9960


Core  0 register dump:
PC      : 0x400dbcf4  PS      : 0x00060034  A0      : 0x80081323  A1      : 0x3ffb1300  
A2      : 0x00000000  A3      : 0x3ffb2800  A4      : 0x800815c2  A5      : 0x3ffaf100  
A6      : 0x3ffb03d4  A7      : 0x3ffb7ca8  A8      : 0x80081253  A9      : 0x00060423  
A10     : 0x3ffb7cac  A11     : 0x3ffb88f4  A12     : 0x3ffb1304  A13     : 0x3ffb1308  
A14     : 0x00000003  A15     : 0x00060423  SAR     : 0x00000004  EXCCAUSE: 0x00000007  
EXCVADDR: 0x00000000  LBEG    : 0x00000000  LEND    : 0x00000000  LCOUNT  : 0x00000000  


Backtrace: 0x400dbcf1:0x3ffb1300 0x40081320:0x3ffb1340 0x40083b0d:0x3ffb1360 0x40083494:0x3ffaf140 0x40081ad9:0x3ffaf160 0x40087b0d:0x3ffaf180




ELF file SHA256: 91c57b2ef

Rebooting...
ets Jun  8 2016 00:22:57

rst:0x3 (SW_RESET),boot:0x17 (SPI_FAST_FLASH_BOOT)
configsip: 0, SPIWP:0xee
clk_drv:0x00,q_drv:0x00,d_drv:0x00,cs0_drv:0x00,hd_drv:0x00,wp_drv:0x00
mode:DIO, clock div:2
load:0x3fff0030,len:6380
ho 0 tail 12 room 4
load:0x40078000,len:15916
load:0x40080400,len:3860
entry 0x40080630
I (28) boot: ESP-IDF 5.5.0 2nd stage bootloader
I (28) boot: compile time Oct 30 2025 21:25:56
I (28) boot: Multfeedlimiter
I (229) app_init: App version:      7373d29-dirty
I (233) app_init: Compile time:     Oct 30 2025 21:25:44
I (238) app_init: ELF file SHA256:  91c57b2ef...
I (242) app_init: ESP-IDF:          5.5.0
I (246) efuse_init: Min chip rev:     v0.0
I (250) efuse_init: Max chip rev:     v3.99 
I (254) efuse_init: Chip rev:         v1.0
I (258) heap_init: Initializing. RAM available for dynamic allocation:
I (264) heap_init: At 3FFAE6E0 len 00001920 (6 KiB): DRAM
I (269) heap_init: At 3FFB3218 len 0002CDE8 (179 KiB): DRAM
I (274) heap_init: At 3FFE0440 len 00003AE0 (14 KiB): D/IRAM
I (280) heap_init: At 3FFE4350 len 0001BCB0 (111 KiB): D/IRAM
I (285) heap_init: At 4008F678 len 00010988 (66 KiB): IRAM
I (292) spi_flash: detected chip: winbond
I (294) spi_flash: flash io: dio
I (298) main_task: Started on CPU0
I (308) main_task: Calling app_main()
E (308) gpio: gpio_pullup_en(78): GPIO number error (input-only pad has no internal PU)
I (308) button: IoT Button Version: 4.1.4
I (308) main: ADC0:    0; DAC0:    0; PID: 21.755001
I (318) led_gpio: LED Indicator Version: 2.0.2
I (318) main: ADC0:    0; DAC0:    0; PID: 21.755001
I (318) led_gpio: Indicator create successfully. type:GPIO mode, hardware_data:0x3ffbaf8c, blink_lists:custom
I (328) main: ADC0:    0; DAC0:    0; PID: 21.755001
I (338) main: ADC0:    0; DAC0:    0; PID: 21.755001
I (348) main: ADC0:    0; DAC0:    0; PID: 21.755001
I (348) main: ADC0:    0; DAC0:    0; PID: 21.755001
Guru Meditation Error: Core  0 panic'ed (Cache error). 
Cache disabled but cached memory region accessed

Core  0 register dump:
PC      : 0x400dbcf4  PS      : 0x00060034  A0      : 0x80081323  A1      : 0x3ffb1300  
A2      : 0x00000000  A3      : 0x3ffb2800  A4      : 0x800815c2  A5      : 0x3ffaf100  
A6      : 0x3ffb03d4  A7      : 0x3ffb7ca8  A8      : 0x80081253  A9      : 0x00060423  
A10     : 0x3ffb7cac  A11     : 0x3ffb88f4  A12     : 0x3ffb1304  A13     : 0x3ffb1308  
A14     : 0x00000003  A15     : 0x00060423  SAR     : 0x00000004  EXCCAUSE: 0x00000007  
EXCVADDR: 0x00000000  LBEG    : 0x00000000  LEND    : 0x00000000  LCOUNT  : 0x00000000  


Backtrace: 0x400dbcf1:0x3ffb1300 0x40081320:0x3ffb1340 0x40083b0d:0x3ffb1360 0x4008349a:0x3ffaf140 0x40081ad9:0x3ffaf160 0x40087b0d:0x3ffaf180




ELF file SHA256: 91c57b2ef

Rebooting...
ets Jun  8 2016 00:22:57

rst:0x3 (SW_RESET),boot:0x17 (SPI_FAST_FLASH_BOOT)
configsip: 0, SPIWP:0xee
clk_drv:0x00,q_drv:0x00,d_drv:0x00,cs0_drv:0x00,hd_drv:0x00,wp_drv:0x00
mode:DIO, clock div:2
load:0x3fff0030,len:6380
ho 0 tail 12 room 4
load:0x40078000,len:15916
load:0x40080400,len:3860
entry 0x40080630
I (28) boot: ESP-IDF 5.5.0 2nd stage bootloader
I (28) boot: compile time Oct 30 2025 21:25:56
I (28) boot: Multicore bootloader
I (30) boot: chip revision: v1.0
I (33) boot.esp32: SPI Speed      : 40MHz
I (36) boot.esp32: SPI Mode       : DIO
I (40) boot.esp32: SPI Flash Size : 4MB
I (44) boot: Enabling RNG early entropy source...
I (48) boot: Partition Table:
I (51) boot: ## Label            Usage          Type ST Offset   Length
I (57) boot:  0 nvs              WiFi data        01 02 00009000 00006000
I (64) boot:  1 phy_init         RF data          01 01 0000f000 00001000
I (70) boot:  2 factory          factory app      00 00 00010000 00100000
I (77) boot: End of partition table
I (80) esp_image: segment 0: paddr=00010020 vaddr=3f400020 size=0d59ch ( 54684) map
I (106) esp_image: segment 1: paddr=0001d5c4 vaddr=3ff80000 size=00020h (    32) load
I (106) esp_image: segment 2: paddr=0001d5ec vaddr=3ffb0000 size=02784h ( 10116) load
I (114) esp_image: segment 3: paddr=0001fd78 vaddr=40080000 size=002a0h (   672) load
I (118) esp_image: segment 4: paddr=00020020 vaddr=400d0020 size=22734h (141108) map
I (173) esp_image: segment 5: paddr=0004275c vaddr=400802a0 size=0f3d8h ( 62424) load
I (205) boot: Loaded app from partition at offset 0x10000
I (205) boot: Disa) heap_init: At 3FFE4350 len 0001BCB0 (111 KiB): D/IRAM
I (285) heap_init: At 4008F678 len 00010988 (66 KiB): IRAM
I (292) spi_flash: detected chip: winbond
I (294) spi_flash: flash io: dio
I (298) main_task: Started on CPU0
I (308) main_task: Calling app_main()
E (308) gpio: gpio_pullup_en(78): GPIO number error (input-only pad has no internal PU)
I (308) button: IoT Button Version: 4.1.4
I (308) main: ADC0:    0; DAC0:    0; PID: 21.755001
I (318) led_gpio: LED Indicator Version: 2.0.2
I (318) main: ADC0:    0; DAC0:    0; PID: 21.755001
I (318) led_gpio: Indicator create successfully. type:GPIO mode, hardware_data:0x3ffbaf8c, blink_lists:custom
I (328) main: ADC0:    0; DAC0:    0; PID: 21.755001
I (338) main: ADC0:    0; DAC0:    0; PID: 21.755001
I (348) main: ADC0:    0; DAC0:    0; PID: 21.755001
I (348) main: ADC0:    0; DAC0:    0; PID: 21.755001
Guru Meditation Error: Core  0 panic'ed (Cache error). 
Cache disabled but cached memory region accessed

Core  0 register dump:
PC      : 0x400dbcf4  PS      : 0x00060034  A0      : 0x80081323  A1      : 0x3ffb1300  
A2      : 0x00000000  A3      : 0x3ffb2800  A4      : 0x800815c2  A5      : 0x3ffaf100  
A6      : 0x3ffb03d4  A7      : 0x3ffb7ca8  A8      : 0x80081253  A9      : 0x00060423  
A10     : 0x3ffb7cac  A11     : 0x3ffb88f4  A12     : 0x3ffb1304  A13     : 0x3ffb1308  
A14     : 0x00000003  A15     : 0x00060423  SAR     : 0x00000004  EXCCAUSE: 0x00000007  
EXCVADDR: 0x00000000  LBEG    : 0x00000000  LEND    : 0x00000000  LCOUNT  : 0x00000000  


Backtrace: 0x400dbcf1:0x3ffb1300 0x40081320:0x3ffb1340 0x40083b0d:0x3ffb1360 0x40083494:0x3ffaf140 0x40081ad9:0x3ffaf160 0x40087b0d:0x3ffaf180




ELF file SHA256: 91c57b2ef

Rebooting...
ets Jun  8 2016 00:22:57

rst:0x3 (SW_RESET),boot:0x17 (SPI_FAST_FLASH_BOOT)
configsip: 0, SPIWP:0xee
clk_drv:0x00,q_drv:0x00,d_drv:0x00,cs0_drv:0x00,hd_drv:0x00,wp_drv:0x00
mode:DIO, clock div:2
load:0x3fff0030,len:6380
ho 0 tail 12 room 4
load:0x40078000,len:15916
load:0x40080400,len:3860
entry 0x40080630
I (28) boot: ESP-IDF 5.5.0 2nd stage bootloader
I (28) boot: compile time Oct 30 2025 21:25:56
I (28) boot: Multicore bootloader
I (30) boot: chip revision: v1.0
I (33) boot.esp32: SPI Speed      : 40MHz
I (36) boot.esp32: SPI Mode       : DIO
I (40) boot.esp32: SPI Flash Size : 4MB
I (44) boot: Enabling RNG early entropy source...
I (48) boot: Partition Table:
I (51) boot: ## Label            Usage          Type ST Offset   Length
I (57) boot:  0 nvs              WiFi data        01 02 00009000 00006000
I (64) boot:  1 phy_init         RF data          01 01 0000f000 00001000
I (70) boot:  2 factory          factory app      00 00 00010000 00100000
I (77) boot: End of partition table
I (80) esp_image: segment 0: paddr=00010020 vaddr=3f400020 size=0d59ch ( 54684) map
I (106) esp_image: segment 1: paddr=0001d5c4 vaddr=3ff80000 size=00020h (    32) load
I (106) esp_image: segment 2: paddr=0001d5ec vaddr=3ffb0000 size=02784h ( 10116) load
I (114) esp_image: segment 3: paddr=0001fd78 vaddr=40080000 size=002a0h (   672) load
I (118) esp_image: segment 4: paddr=00020020 vaddr=400d0020 size=22734h (141108) map
I (173) esp_image: segment 5: paddr=0004275c vaddr=400802a0 size=0f3d8h ( 62424) load
I (205) boot: Loaded app from partition at offset 0x10000
I (205) boot: Disabling RNG early entropy source...
I (216) cpu_start: Multicore app
I (224) cpu_start: Pro cpu start user code
I (224) cpu_start: cpu freq: 160000000 Hz
I (224) app_init: Application information:
I (224) app_init: Project name:     feedlimiter
I (229) app_init: App version:      7373d29-dirty
I (233) app_init: Compile time:     Oct 30 2025 21:25:44
I (238) app_init: ELF file SHA256:  91c57b2ef...
I (242) app_init: ESP-IDF:          5.5.0
I (246) efuse_init: Min chip rev:     v0.0
I (I (173) esp_image: segment 5: paddr=0004275c vaddr=400802a0 size=0f3d8h ( 62424) load
I (205) boot: Loaded app from partition at offset 0x10000
I (205) boot: Disabling RNG early entropy source...
I (216) cpu_start: Multicore app
I (224) cpu_start: Pro cpu start user code
I (224) cpu_start: cpu freq: 160000000 Hz
I (224) app_init: Application information:
I (224) app_init: Project name:     feedlimiter
I (229) app_init: App version:      7373d29-dirty
I (233) app_init: Compile time:     Oct 30 2025 21:25:44
I (238) app_init: ELF file SHA256:  91c57b2ef...
I (242) app_init: ESP-IDF:          5.5.0
I (246) efuse_init: Min chip rev:     v0.0
I (250) efuse_init: Max chip rev:     v3.99 
I (254) efuse_init: Chip rev:         v1.0
I (258) heap_init: Initializing. RAM available for dynamic allocation:
I (264) heap_init: At 3FFAE6E0 len 00001920 (6 KiB): DRAM
I (269) heap_init: At 3FFB3218 len 0002CDE8 (179 KiB): DRAM
I (274) heap_init: At 3FFE0440 len 00003AE0 (14 KiB): D/IRAM
I (280) heap_init: At 3FFE4350 len 0001BCB0 (111 KiB): D/IRAM
I (285) heap_init: At 4008F678 len 00010988 (66 KiB): IRAM
I (292) spi_flash: detected chip: winbond
I (294) spi_flash: flash io: dio
I (298) main_task: Started on CPU0
I (308) main_task: Calling app_main()
E (308) gpio: gpio_pullup_en(78): GPIO number error (input-only pad has no internal PU)
I (308) button: IoT Button Version: 4.1.4
I (308) main: ADC0:    0; DAC0:    0; PID: 21.755001
I (318) led_gpio: LED Indicator Version: 2.0.2
I (318) main: ADC0:    0; DAC0:    0; PID: 21.755001
I (318) led_gpio: Indicator create successfully. type:GPIO mode, hardware_data:0x3ffbaf8c, blink_lists:custom
I (328) main: ADC0:    0; DAC0:    0; PID: 21.755001
I (338) main: ADC0:    0; DAC0:    0; PID: 21.755001
I (348) main: ADC0:    0; DAC0:    0; PID: 21.755001
I (348) main: ADC0:    0; DAC0:    0; PID: 21.755001
Guru Meditation Error: Core  0 panic'ed (Cache error). 
Cache disabled but cached memory region accessed

Core  0 register dump:
PC      : 0x400dbcf4  PS      : 0x00060034  A0      : 0x80081323  A1      : 0x3ffb1300  
A2      : 0x00000000  A3      : 0x3ffb2800  A4      : 0x800815c2  A5      : 0x3ffaf100  
A6      : 0x3ffb03d4  A7      : 0x3ffb7ca8  A8      : 0x80081253  A9      : 0x00060423  
A10     : 0x3ffb7cac  A11     : 0x3ffb88f4  A12     : 0x3ffb1304  A13     : 0x3ffb1308  
A14     : 0x00000003  A15     : 0x00060423  SAR     : 0x00000004  EXCCAUSE: 0x00000007  
EXCVADDR: 0x00000000  LBEG    : 0x00000000  LEND    : 0x00000000  LCOUNT  : 0x00000000  


Backtrace: 0x400dbcf1:0x3ffb1300 0x40081320:0x3ffb1340 0x40083b0d:0x3ffb1360 0x40083497:0x3ffaf140 0x40081ad9:0x3ffaf160 0x40087b0d:0x3ffaf180




ELF file SHA256: 91c57b2ef

Rebooting...
ets Jun  8 2016 00:22:57

rst:0x3 (SW_RESET),boot:0x17 (SPI_FAST_FLASH_BOOT)
configsip: 0, SPIWP:0xee
clk_drv:0x00,q_drv:0x00,d_drv:0x00,cs0_drv:0x00,hd_drv:0x00,wp_drv:0x00
mode:DIO, clock div:2
load:0x3fff0030,len:6380
ho 0 tail 12 room 4
load:0x40078000,len:15916
load:0x40080400,len:3860
entry 0x40080630
I (28) boot: ESP-IDF 5.5.0 2nd stage bootloader
I (28) boot: compile time Oct 30 2025 21:25:56
I (28) boot: Multicore bootloader
I (30) boot: chip revision: v1.0
I (33) boot.esp32: SPI Speed      : 40MHz
I (36) boot.esp32: SPI Mode       : DIO
I (40) boot.esp32: SPI Flash Size : 4MB
I (44) boot: Enabling RNG early entropy source...
I (48) boot: Partition Table:
I (51) boot: ## Label            Usage          Type ST Offset   Length
I (57) boot:  0 nvs              WiFi data        01 02 00009000 00006000
I (64) boot:  1 phy_init         RF data          01 01 0000f000 00001000
I (70) boot:  2 factory          factory app      00 00 00010000 00100000
I (77) boot: End of partition table
I (80) esp_image: segment 0: paddr=00010020 vaddr=3f400020 size=0d59ch ( 54684) map
I (106) esp_image: segment 1: paddr=0001d5c4 vaddr=3ff80000 size=00020h (    32) load
I (106) esp_image: segment 2: paddr=0001d5ec vaddr=3ffb0000 size=02784h ( 10116) load
I (114) esp_image: segment 3: paddr=0001fd78 vaddr=40080000 size=002a0h (   672) load
I (118) esp_image: segment 4: paddr=00020020 vaddr=400d0020 size=22734h (141108) map
I (173) esp_image: segment 5: paddr=0004275c vaddr=400802a0 size=0f3d8h ( 62424) load
I (205) boot: Loaded app from partition at offset 0x10000
I (205) boot: Disabling RNG early entropy source...
I (216) cpu_start: Multicore app
I (224) cpu_start: Pro cpu start user code
I (224) cpu_start: cpu freq: 160000000 Hz
I (224) app_init: Application information:
I (224) app_init: Project name:     feedlimiter
I (229) app_init: App version:      7373d29-dirty
I (233) app_init: Compile time:     Oct 30 2025 21:25:44
I (238) app_init: ELF file SHA256:  91c57b2ef...
I (242) app_init: ESP-IDF:          5.5.0
I (246) efuse_init: Min chip rev:     v0.0
I (250) efuse_init: Max chip rev:     v3.99 
I (254) efuse_init: Chip rev:         v1.0
I (258) heap_init: Initializing. RAM available for dynamic allocation:
I (264) heap_init: At 3FFAE6E0 len 00001920 (6 KiB): DRAM
I (269) heap_init: At 3FFB3218 len 0002CDE8 (179 KiB): DRAM
I (274) heap_init: At 3FFE0440 len 00003AE0 (14 KiB): D/IRAM
I (280) heap_init: At 3FFE4350 len 0001BCB0 (111 KiB): D/IRAM
I (285) heap_init: At 4008F678 len 00010988 (66 KiB): IRAM
I (292) spi_flash: detected chip: winbond
I (294) spi_flash: flash io: dio
I (298) main_task: Started on CPU0
I (308) main_task: Calling app_main()
E (308) gpio: gpio_pullup_en(78): GPIO number error (input-only pad has no internal PU)
I (308) button: IoT Button Version: 4.1.4
I (308) main: ADC0:    0; DAC0:    0; PID: 21.755001
I (318) led_gpio: LED Indicator Version: 2.0.2
I (318) main: ADC0:    0; DAC0:    0; PID: 21.755001
I (318) led_gpio: Indicator create successfully. type:GPIO mode, hardware_data:0x3ffbaf8c, blink_lists:custom
I (328) main: ADC0:    0; DAC0:    0; PID: 21.755001
I (338) main: ADC0:    0; DAC0:    0; PID: 21.755001
I (348) main: ADC0:    0; DAC0:    0; PID: 21.755001
I (348) main: ADC0:    0; DAC0:    0; PID: 21.755001
Guru Meditation Error: Core  0 panic'ed (Cache error). 
Cache disabled but cached memory region accessed

Core  0 register dump:
PC      : 0x400dbcf4  PS      : 0x00060034  A0      : 0x80081323  A1      : 0x3ffb1300  
A2      : 0x00000000  A3      : 0x3ffb2800  A4      : 0x800815c2  A5      : 0x3ffaf100  
A6      : 0x3ffb03d4  A7      : 0x3ffb7ca8  A8      : 0x80081253  A9      : 0x00060423  
A10     : 0x3ffb7cac  A11     : 0x3ffb88f4  A12     : 0x3ffb1304  A13     : 0x3ffb1308  
A14     : 0x00000003  A15     : 0x00060423  SAR     : 0x00000004  EXCCAUSE: 0x00000007  
EXCVADDR: 0x00000000  LBEG    : 0x00000000  LEND    : 0x00000000  LCOUNT  : 0x00000000  


Backtrace: 0x400dbcf1:0x3ffb1300 0x40081320:0x3ffb1340 0x40083b0d:0x3ffb1360 0x4008348e:0x3ffaf140 0x40081ad9:0x3ffaf160 0x40087b0d:0x3ffaf180




ELF file SHA256: 91c57b2ef

Rebooting...
ets Jun  8 2016 00:22:57

rst:0x3 (SW_RESET),boot:0x17 (SPI_FAST_FLASH_BOOT)
configsip: 0, SPIWP:0xee
clk_drv:0x00,q_drv:0x00,d_drv:0x00,cs0_drv:0x00,hd_drv:0x00,wp_drv:0x00
mode:DIO, clock div:2
load:0x3fff0030,len:6380
ho 0 tail 12 room 4
load:0x40078000,len:15916
load:0x40080400,len:3860
entry 0x40080630
I (28) boot: ESP-IDF 5.5.0 2nd stage bootloader
I (28) boot: compile time Oct 30 2025 21:25:56
I (28) boot: Multicore bootloader
I (30) boot: chip revision: v1.0
I (33) boot.esp32: SPI Speed      : 40MHz
I (36) boot.esp32: SPI Mode       : DIO
I (40) boot.esp32: SPI Flash Size : 4MB
I (44) boot: Enabling RNG early entropy source...
I (48) boot: Partition Table:
I (51) boot: ## Label            Usage          Type ST Offset   Length
I (57) boot:  0 nvs              WiFi data        01 02 00009000 00006000
I (64) boot:  1 phy_init         RF data          01 01 0000f000 00001000
I (70) boot:  2 factory          factory app      00 00 00010000 00100000
I (77) boot: End of partition table
I (80) esp_image: segment 0: paddr=00010020 vaddr=3f400020 size=0d59ch ( 54684) map
I (106) esp_image: segment 1: paddr=0001d5c4 vaddr=3ff80000 size=00020h (    32) load
I (106) esp_image: segment 2: paddr=0001d5ec vaddr=3ffb0000 size=02784h ( 10116) load
I (114) esp_image: segment 3: paddr=0001fd78 vaddr=40080000 size=002a0h (   672) load
I (118) esp_image: segment 4: paddr=00020020 vaddr=400d0020 size=22734h (141108) map
I (173) esp_image: segment 5: paddr=0004275c vaddr=400802a0 size=0f3d8h ( 62424) load
I (205) boot: Loaded app from partition at offset 0x10000
I (205) boot: Disabling RNG early entropy source...
I (216) cpu_start: Multicore app
I (224) cpu_start: Pro cpu start user code
I (224) cpu_start: cpu freq: 160000000 Hz
I (224) app_init: Application information:
I (224) app_init: Project name:     feedlimiter
I (229) app_init: App version:      7373d29-dirty
I (233) app_init: Compile time:     Oct 30 2025 21:25:44
I (238) app_init: ELF file SHA256:  91c57b2ef...
I (242) app_init: ESP-IDF:          5.5.0
I (246) efuse_init: Min chip rev:     v0.0
I (250) efuse_init: Max chip rev:     v3.99 
I (254) efuse_init: Chip rev:         v1.0
I (258) heap_init: Initializing. RAM available for dynamic allocation:
I (264) heap_init: At 3FFAE6E0 len 00001920 (6 KiB): DRAM
I (269) heap_init: At 3FFB3218 len 0002CDE8 (179 KiB): DRAM
I (274) heap_init: At 3FFE0440 len 00003AE0 (14 KiB): D/IRAM
I (280) heap_init: At 3FFE4350 len 0001BCB0 (111 KiB): D/IRAM
I (285) heap_init: At 4008F678 len 00010988 (66 KiB): IRAM
I (292) spi_flash: detected chip: winbond
I (294) spi_flash: flash io: dio
I (298) main_task: Started on CPU0
I (308) main_task: Calling app_main()
E (308) gpio: gpio_pullup_en(78): GPIO number error (input-only pad has no internal PU)
I (308) button: IoT Button Version: 4.1.4
I (308) main: ADC0:    0; DAC0:    0; PID: 21.755001
I (318) led_gpio: LED Indicator Version: 2.0.2
I (318) main: ADC0:    0; DAC0:    0; PID: 21.755001
I (318) led_gpio: Indicator create successfully. type:GPIO mode, hardware_data:0x3ffbaf8c, blink_lists:custom
I (328) main: ADC0:    0; DAC0:    0; PID: 21.755001
I (338) main: ADC0:    0; DAC0:    0; PID: 21.755001
I (348) main: ADC0:    0; DAC0:    0; PID: 21.755001
I (348) main: ADC0:    0; DAC0:    0; PID: 21.755001
Guru Meditation Error: Core  0 panic'ed (Cache error). 
Cache disabled but cached memory region accessed

Core  0 register dump:
PC      : 0x400dbcf4  PS      : 0x00060034  A0      : 0x80081323  A1      : 0x3ffb1300  
A2      : 0x00000000  A3      : 0x3ffb2800  A4      : 0x800815c2  A5      : 0x3ffaf100  
A6      : 0x3ffb03d4  A7      : 0x3ffb7ca8  A8      : 0x80081253  A9      : 0x00060423  
A10     : 0x3ffb7cac  A11     : 0x3ffb88f4  A12     : 0x3ffb1304  A13     : 0x3ffb1308  
A14     : 0x00000003  A15     : 0x00060423  SAR     : 0x00000004  EXCCAUSE: 0x00000007  
EXCVADDR: 0x00000000  LBEG    : 0x00000000  LEND    : 0x00000000  LCOUNT  : 0x00000000  


Backtrace: 0x400dbcf1:0x3ffb1300 0x40081320:0x3ffb1340 0x40083b0d:0x3ffb1360 0x40083497:0x3ffaf140 0x40081ad9:0x3ffaf160 0x40087b0d:0x3ffaf180




ELF file SHA256: 91c57b2ef

Rebooting...
ets Jun  8 2016 00:22:57

rst:0x3 (SW_RESET),boot:0x17 (SPI_FAST_FLASH_BOOT)
configsip: 0, SPIWP:0xee
clk_drv:0x00,q_drv:0x00,d_drv:0x00,cs0_drv:0x00,hd_drv:0x00,wp_drv:0x00
mode:DIO, clock div:2
load:0x3fff0030,len:6380
ho 0 tail 12 room 4
load:0x40078000,len:15916
load:0x40080400,len:3860
entry 0x40080630
I (28) boot: ESP-IDF 5.5.0 2nd stage bootloader
I (28) boot: compile time Oct 30 2025 21:25:56
I (28) boot: Multicore bootloader
I (30) boot: chip revision: v1.0
I (33) boot.esp32: SPI Speed      : 40MHz
I (36) boot.esp32: SPI Mode       : DIO
I (40) boot.esp32: SPI Flash Size : 4MB
I (44) boot: Enabling RNG early entropy source...
I (48) boot: Partition Table:
I (51) boot: ## Label            Usage          Type ST Offset   Length
I (57) boot:  0 nvs              WiFi data        01 02 00009000 00006000
I (64) boot:  1 phy_init         RF data          01 01 0000f000 00001000
I (70) boot:  2 factory          factory app      00 00 00010000 00100000
I (77) boot: End of partition table
I (80) esp_image: segment 0: paddr=00010020 vaddr=3f400020 size=0d59ch ( 54684) map
I (106) esp_image: segment 1: paddr=0001d5c4 vaddr=3ff80000 size=00020h (    32) load
I (106) esp_image: segment 2: paddr=0001d5ec vaddr=3ffb0000 size=02784h ( 10116) load
I (114) esp_image: segment 3: paddr=0001fd78 vaddr=40080000 size=002a0h (   672) load
I (118) esp_image: segment 4: paddr=00020020 vaddr=400d0020 size=22734h (141108) map
I (173) esp_image: segment 5: paddr=0004275c vaddr=400802a0 size=0f3d8h ( 62424) load
I (205) boot: Loaded app from partition at offset 0x10000
I (205) boot: Disabling RNG early entropy source...
I (216) cpu_start: Multicore app
I (224) cpu_start: Pro cpu start user code
I (224) cpu_start: cpu freq: 160000000 Hz
I (224) app_init: Application information:
I (224) app_init: Project name:     feedlimiter
I (229) app_init: App version:      7373d29-dirty
I (233) app_init: Compile time:     Oct 30 2025 21:25:44
I (238) app_init: ELF file SHA256:  91c57b2ef...
I (242) app_init: ESP-IDF:          5.5.0
I (246) efuse_init: Min chip rev:     v0.0
I (250) efuse_init: Max chip rev:     v3.99 
I (254) efuse_init: Chip rev:         v1.0
I (258) heap_init: Initializing. RAM available for dynamic allocation:
I (264) heap_init: At 3FFAE6E0 len 00001920 (6 KiB): DRAM
I (269) heap_init: At 3FFB3218 len 0002CDE8 (179 KiB): DRAM
I (274) heap_init: At 3FFE0440 len 00003AE0 (14 KiB): D/IRAM
I (280) heap_init: At 3FFE4350 len 0001BCB0 (111 KiB): D/IRAM
I (285) heap_init: At 4008F678 len 00010988 (66 KiB): IRAM
I (292) spi_flash: detected chip: winbond
I (294) spi_flash: flash io: dio
I (298) main_task: Started on CPU0
I (308) main_task: Calling app_main()
E (308) gpio: gpio_pullup_en(78): GPIO number error (input-only pad has no internal PU)
I (308) button: IoT Button Version: 4.1.4
I (308) main: ADC0:    0; DAC0:    0; PID: 21.755001
I (318) led_gpio: LED Indicator Version: 2.0.2
I (318) main: ADC0:    0; DAC0:    0; PID: 21.755001
I (318) led_gpio: Indicator create successfully. type:GPIO mode, hardware_data:0x3ffbaf8c, blink_lists:custom
I (328) main: ADC0:    0; DAC0:    0; PID: 21.755001
I (338) main: ADC0:    0; DAC0:    0; PID: 21.755001
I (348) main: ADC0:    0; DAC0:    0; PID: 21.755001
I (348) main: ADC0:    0; DAC0:    0; PID: 21.755001
Guru Meditation Error: Core  0 panic'ed (Cache error). 
Cache disabled but cached memory region accessed

Core  0 register dump:
PC      : 0x400dbcf4  PS      : 0x00060034  A0      : 0x80081323  A1      : 0x3ffb1300  
A2      : 0x00000000  A3      : 0x3ffb2800  A4      : 0x800815c2  A5      : 0x3ffaf100  
A6      : 0x3ffb03d4  A7      : 0x3ffb7ca8  A8      : 0x80081253  A9      : 0x00060423  
A10     : 0x3ffb7cac  A11     : 0x3ffb88f4  A12     : 0x3ffb1304  A13     : 0x3ffb1308  
A14     : 0x00000003  A15     : 0x00060423  SAR     : 0x00000004  EXCCAUSE: 0x00000007  
EXCVADDR: 0x00000000  LBEG    : 0x00000000  LEND    : 0x00000000  LCOUNT  : 0x00000000  


Backtrace: 0x400dbcf1:0x3ffb1300 0x40081320:0x3ffb1340 0x40083b0d:0x3ffb1360 0x4008348e:0x3ffaf140 0x40081ad9:0x3ffaf160 0x40087b0d:0x3ffaf180




ELF file SHA256: 91c57b2ef

Rebooting...
ets Jun  8 2016 00:22:57

rst:0x3 (SW_RESET),boot:0x17 (SPI_FAST_FLASH_BOOT)
configsip: 0, SPIWP:0xee
clk_drv:0x00,q_drv:0x00,d_drv:0x00,cs0_drv:0x00,hd_drv:0x00,wp_drv:0x00
mode:DIO, clock div:2
load:0x3fff0030,len:6380
ho 0 tail 12 room 4
load:0x40078000,len:15916
load:0x40080400,len:3860
entry 0x40080630
I (28) boot: ESP-IDF 5.5.0 2nd stage bootloader
I (28) boot: compile time Oct 30 2025 21:25:56
I (28) boot: Multicore bootloader
I (30) boot: chip revision: v1.0
I (33) boot.esp32: SPI Speed      : 40MHz
I (36) boot.esp32: SPI Mode       : DIO
I (40) boot.esp32: SPI Flash Size : 4MB
I (44) boot: Enabling RNG early entropy source...
I (48) boot: Partition Table:
I (51) boot: ## Label            Usage          Type ST Offset   Length
I (57) boot:  0 nvs              WiFi data        01 02 00009000 00006000
I (64) boot:  1 phy_init         RF data          01 01 0000f000 00001000
I (70) boot:  2 factory          factory app      00 00 00010000 00100000
I (77) boot: End of partition table
I (80) esp_image: segment 0: paddr=00010020 vaddr=3f400020 size=0d59ch ( 54684) map
I (106) esp_image: segment 1: paddr=0001d5c4 vaddr=3ff80000 size=00020h (    32) load
I (106) esp_image: segment 2: paddr=0001d5ec vaddr=3ffb0000 size=02784h ( 10116) load
I (114) esp_image: segment 3: paddr=0001fd78 vaddr=40080000 size=002a0h (   672) load
I (118) esp_image: segment 4: paddr=00020020 vaddr=400d0020 size=22734h (141108) map
I (173) esp_image: segment 5: paddr=0004275c vaddr=400802a0 size=0f3d8h ( 62424) load
I (205) boot: Loaded app from partition at offset 0x10000
I (205) boot: Disabling RNG early entropy source...
I (216) cpu_start: Multicore app
I (224) cpu_start: Pro cpu start user code
I (224) cpu_start: cpu freq: 160000000 Hz
I (224) app_init: Application information:
I (224) app_init: Project name:     feedlimiter
I (229) app_init: App version:      7373d29-dirty
I (233) app_init: Compile time:     Oct 30 2025 21:25:44
I (238) app_init: ELF file SHA256:  91c57b2ef...
I (242) app_init: ESP-IDF:          5.5.0
I (246) efuse_init: Min chip rev:     v0.0
I (250) efuse_init: Max chip rev:     v3.99 
I (254) efuse_init: Chip rev:         v1.0
I (258) heap_init: Initializing. RAM available for dynamic allocation:
I (264) heap_init: At 3FFAE6E0 len 00001920 (6 KiB): DRAM
I (269) heap_init: At 3FFB3218 len 0002CDE8 (179 KiB): DRAM
I (274) heap_init: At 3FFE0440 len 00003AE0 (14 KiB): D/IRAM
I (280) heap_init: At 3FFE4350 len 0001BCB0 (111 KiB): D/IRAM
I (285) heap_init: At 4008F678 len 00010988 (66 KiB): IRAM
I (292) spi_flash: detected chip: winbond
I (294) spi_flash: flash io: dio
I (298) main_task: Started on CPU0
I (308) main_task: Calling app_main()
E (308) gpio: gpio_pullup_en(78): GPIO number error (input-only pad has no internal PU)
I (308) button: IoT Button Version: 4.1.4
I (308) main: ADC0:    0; DAC0:    0; PID: 21.755001
I (318) led_gpio: LED Indicator Version: 2.0.2
I (318) main: ADC0:    0; DAC0:    0; PID: 21.755001
I (318) led_gpio: Indicator create successfully. type:GPIO mode, hardware_data:0x3ffbaf8c, blink_lists:custom
I (328) main: ADC0:    0; DAC0:    0; PID: 21.755001
I (338) main: ADC0:    0; DAC0:    0; PID: 21.755001
I (348) main: ADC0:    0; DAC0:    0; PID: 21.755001
I (348) main: ADC0:    0; DAC0:    0; PID: 21.755001
Guru Meditation Error: Core  0 panic'ed (Cache error). 
Cache disabled but cached memory region accessed

Core  0 register dump:
PC      : 0x400dbcf4  PS      : 0x00060034  A0      : 0x80081323  A1      : 0x3ffb1300  
A2      : 0x00000000  A3      : 0x3ffb2800  A4      : 0x800815c2  A5      : 0x3ffaf100  
A6      : 0x3ffb03d4  A7      : 0x3ffb7ca8  A8      : 0x80081253  A9      : 0x00060423  
A10     : 0x3ffb7cac  A11     : 0x3ffb88f4  A12     : 0x3ffb1304  A13     : 0x3ffb1308  
A14     : 0x00000003  A15     : 0x00060423  SAR     : 0x00000004  EXCCAUSE: 0x00000007  
EXCVADDR: 0x00000000  LBEG    : 0x00000000  LEND    : 0x00000000  LCOUNT  : 0x00000000  


Backtrace: 0x400dbcf1:0x3ffb1300 0x40081320:0x3ffb1340 0x40083b0d:0x3ffb1360 0x4008348e:0x3ffaf140 0x40081ad9:0x3ffaf160 0x40087b0d:0x3ffaf180




ELF file SHA256: 91c57b2ef

Rebooting...
ets Jun  8 2016 00:22:57

rst:0x3 (SW_RESET),boot:0x17 (SPI_FAST_FLASH_BOOT)
configsip: 0, SPIWP:0xee
clk_drv:0x00,q_drv:0x00,d_drv:0x00,cs0_drv:0x00,hd_drv:0x00,wp_drv:0x00
mode:DIO, clock div:2
load:0x3fff0030,len:6380
ho 0 tail 12 room 4
load:0x40078000,len:15916
load:0x40080400,len:3860
entry 0x40080630
I (28) boot: ESP-IDF 5.5.0 2nd stage bootloader
I (28) boot: compile time Oct 30 2025 21:25:56
I (28) boot: Multicore bootloader
I (30) boot: chip revision: v1.0
I (33) boot.esp32: SPI Speed      : 40MHz
I (36) boot.esp32: SPI Mode       : DIO
I (40) boot.esp32: SPI Flash Size : 4MB
I (44) boot: Enabling RNG early entropy source...
I (48) boot: Partition Table:
I (51) boot: ## Label            Usage          Type ST Offset   Length
I (57) boot:  0 nvs              WiFi data        01 02 00009000 00006000
I (64) boot:  1 phy_init         RF data          01 01 0000f000 00001000
I (70) boot:  2 factory          factory app      00 00 00010000 00100000
I (77) boot: End of partition table
I (80) esp_image: segment 0: paddr=00010020 vaddr=3f400020 size=0d59ch ( 54684) map
I (106) esp_image: segment 1: paddr=0001d5c4 vaddr=3ff80000 size=00020h (    32) load
I (106) esp_image: segment 2: paddr=0001d5ec vaddr=3ffb0000 size=02784h ( 10116) load
I (114) esp_image: segment 3: paddr=0001fd78 vaddr=40080000 size=002a0h (   672) load
I (118) esp_image: segment 4: paddr=00020020 vaddr=400d0020 size=22734h (141108) map
I (173) esp_image: segment 5: paddr=0004275c vaddr=400802a0 size=0f3d8h ( 62424) load
I (205) boot: Loaded app from partition at offset 0x10000
I (205) boot: Disabling RNG early entropy source...
I (216) cpu_start: Multicore app
I (224) cpu_start: Pro cpu start user code
I (224) cpu_start: cpu freq: 160000000 Hz
I (224) app_init: Application information:
I (224) app_init: Project name:     feedlimiter
I (229) app_init: App version:      7373d29-dirty
I (233) app_init: Compile time:     Oct 30 2025 21:25:44
I (238) app_init: ELF file SHA256:  91c57b2ef...
I (242) app_init: ESP-IDF:          5.5.0
I (246) efuse_init: Min chip rev:     v0.0
I (250) efuse_init: Max chip rev:     v3.99 
I (254) efuse_init: Chip rev:         v1.0
I (258) heap_init: Initializing. RAM available for dynamic allocation:
I (264) heap_init: At 3FFAE6E0 len 00001920 (6 KiB): DRAM
I (269) heap_init: At 3FFB3218 len 0002CDE8 (179 KiB): DRAM
I (274) heap_init: At 3FFE0440 len 00003AE0 (14 KiB): D/IRAM
I (280) heap_init: At 3FFE4350 len 0001BCB0 (111 KiB): D/IRAM
I (285) heap_init: At 4008F678 len 00010988 (66 KiB): IRAM
I (292) spi_flash: detected chip: winbond
I (294) spi_flash: flash io: dio
I (298) main_task: Started on CPU0
I (308) main_task: Calling app_main()
E (308) gpio: gpio_pullup_en(78): GPIO number error (input-only pad has no internal PU)
I (308) button: IoT Button Version: 4.1.4
I (308) main: ADC0:    0; DAC0:    0; PID: 21.755001
I (318) led_gpio: LED Indicator Version: 2.0.2
I (318) main: ADC0:    0; DAC0:    0; PID: 21.755001
I (318) led_gpio: Indicator create successfully. type:GPIO mode, hardware_data:0x3ffbaf8c, blink_lists:custom
I (328) main: ADC0:    0; DAC0:    0; PID: 21.755001
I (338) main: ADC0:    0; DAC0:    0; PID: 21.755001
I (348) main: ADC0:    0; DAC0:    0; PID: 21.755001
I (348) main: ADC0:    0; DAC0:    0; PID: 21.755001
Guru Meditation Error: Core  0 panic'ed (Cache error). 
Cache disabled but cached memory region accessed

Core  0 register dump:
PC      : 0x400dbcf4  PS      : 0x00060034  A0      : 0x80081323  A1      : 0x3ffb1300  
A2      : 0x00000000  A3      : 0x3ffb2800  A4      : 0x800815c2  A5      : 0x3ffaf100  
A6      : 0x3ffb03d4  A7      : 0x3ffb7ca8  A8      : 0x80081253  A9      : 0x00060423  
A10     : 0x3ffb7cac  A11     : 0x3ffb88f4  A12     : 0x3ffb1304  A13     : 0x3ffb1308  
A14     : 0x00000003  A15     : 0x00060423  SAR     : 0x00000004  EXCCAUSE: 0x00000007  
EXCVADDR: 0x00000000  LBEG    : 0x00000000  LEND    : 0x00000000  LCOUNT  : 0x00000000  


Backtrace: 0x400dbcf1:0x3ffb1300 0x40081320:0x3ffb1340 0x40083b0d:0x3ffb1360 0x40083497:0x3ffaf140 0x40081ad9:0x3ffaf160 0x40087b0d:0x3ffaf180




ELF file SHA256: 91c57b2ef

Rebooting...
ets Jun  8 2016 00:22:57

rst:0x3 (SW_RESET),boot:0x17 (SPI_FAST_FLASH_BOOT)
configsip: 0, SPIWP:0xee
clk_drv:0x00,q_drv:0x00,d_drv:0x00,cs0_drv:0x00,hd_drv:0x00,wp_drv:0x00
mode:DIO, clock div:2
load:0x3fff0030,len:6380
ho 0 tail 12 room 4
load:0x40078000,len:15916
load:0x40080400,len:3860
entry 0x40080630
I (28) boot: ESP-IDF 5.5.0 2nd stage bootloader
I (28) boot: compile time Oct 30 2025 21:25:56
I (28) boot: Multicore bootloader
I (30) boot: chip revision: v1.0
I (33) boot.esp32: SPI Speed      : 40MHz
I (36) boot.esp32: SPI Mode       : DIO
I (40) boot.esp32: SPI Flash Size : 4MB
I (44) boot: Enabling RNG early entropy source...
I (48) boot: Partition Table:
I (51) boot: ## Label            Usage          Type ST Offset   Length
I (57) boot:  0 nvs              WiFi data        01 02 00009000 00006000
I (64) boot:  1 phy_init         RF data          01 01 0000f000 00001000
I (70) boot:  2 factory          factory app      00 00 00010000 00100000
I (77) boot: End of partition table
I (80) esp_image: segment 0: paddr=00010020 vaddr=3f400020 size=0d59ch ( 54684) map
I (106) esp_image: segment 1: paddr=0001d5c4 vaddr=3ff80000 size=00020h (    32) load
I (106) esp_image: segment 2: paddr=0001d5ec vaddr=3ffb0000 size=02784h ( 10116) load
I (114) esp_image: segment 3: paddr=0001fd78 vaddr=40080000 size=002a0h (   672) load
I (118) esp_image: segment 4: paddr=00020020 vaddr=400d0020 size=22734h (141108) map
I (173) esp_image: segment 5: paddr=0004275c vaddr=400802a0 size=0f3d8h ( 62424) load
I (205) boot: Loaded app from partition at offset 0x10000
I (205) boot: Disabling RNG early entropy source...
I (216) cpu_start: Multicore app
I (224) cpu_start: Pro cpu start user code
I (224) cpu_start: cpu freq: 160000000 Hz
I (224) app_init: Application information:
I (224) app_init: Project name:     feedlimiter
I (229) app_init: App version:      7373d29-dirty
I (233) app_init: Compile time:     Oct 30 2025 21:25:44
I (238) app_init: ELF file SHA256:  91c57b2ef...
I (242) app_init: ESP-IDF:          5.5.0
I (246) efuse_init: Min chip rev:     v0.0
I (250) efuse_init: Max chip rev:     v3.99 
I (254) efuse_init: Chip rev:         v1.0
I (258) heap_init: Initializing. RAM available for dynamic allocation:
I (264) heap_init: At 3FFAE6E0 len 00001920 (6 KiB): DRAM
I (269) heap_init: At 3FFB3218 len 0002CDE8 (179 KiB): DRAM
I (274) heap_init: At 3FFE0440 len 00003AE0 (14 KiB): D/IRAM
I (280) heap_init: At 3FFE4350 len 0001BCB0 (111 KiB): D/IRAM
I (285) heap_init: At 4008F678 len 00010988 (66 KiB): IRAM
I (292) spi_flash: detected chip: winbond
I (294) spi_flash: flash io: dio
I (298) main_task: Started on CPU0
I (308) main_task: Calling app_main()
E (308) gpio: gpio_pullup_en(78): GPIO number error (input-only pad has no internal PU)
I (308) button: IoT Button Version: 4.1.4
I (308) main: ADC0:    0; DAC0:    0; PID: 21.755001
I (318) led_gpio: LED Indicator Version: 2.0.2
I (318) main: ADC0:    0; DAC0:    0; PID: 21.755001
I (318) led_gpio: Indicator create successfully. type:GPIO mode, hardware_data:0x3ffbaf8c, blink_lists:custom
I (328) main: ADC0:    0; DAC0:    0; PID: 21.755001
I (338) main: ADC0:    0; DAC0:    0; PID: 21.755001
I (348) main: ADC0:    0; DAC0:    0; PID: 21.755001
I (348) main: ADC0:    0; DAC0:    0; PID: 21.755001
Guru Meditation Error: Core  0 panic'ed (Cache error). 
Cache disabled but cached memory region accessed

Core  0 register dump:
PC      : 0x400dbcf4  PS      : 0x00060034  A0      : 0x80081323  A1      : 0x3ffb1300  
A2      : 0x00000000  A3      : 0x3ffb2800  A4      : 0x800815c2  A5      : 0x3ffaf100  
A6      : 0x3ffb03d4  A7      : 0x3ffb7ca8  A8      : 0x80081253  A9      : 0x00060423  
A10     : 0x3ffb7cac  A11     : 0x3ffb88f4  A12     : 0x3ffb1304  A13     : 0x3ffb1308  
A14     : 0x00000003  A15     : 0x00060423  SAR     : 0x00000004  EXCCAUSE: 0x00000007  
EXCVADDR: 0x00000000  LBEG    : 0x00000000  LEND    : 0x00000000  LCOUNT  : 0x00000000  


Backtrace: 0x400dbcf1:0x3ffb1300 0x40081320:0x3ffb1340 0x40083b0d:0x3ffb1360 0x40083497:0x3ffaf140 0x40081ad9:0x3ffaf160 0x40087b0d:0x3ffaf180




ELF file SHA256: 91c57b2ef

Rebooting...
ets Jun  8 2016 00:22:57

rst:0x3 (SW_RESET),boot:0x17 (SPI_FAST_FLASH_BOOT)
configsip: 0, SPIWP:0xee
clk_drv:0x00,q_drv:0x00,d_drv:0x00,cs0_drv:0x00,hd_drv:0x00,wp_drv:0x00
mode:DIO, clock div:2
load:0x3fff0030,len:6380
ho 0 tail 12 room 4
load:0x40078000,len:15916
load:0x40080400,len:3860
entry 0x40080630
I (28) boot: ESP-IDF 5.5.0 2nd stage bootloader
I (28) boot: compile time Oct 30 2025 21:25:56
I (28) boot: Multicore bootloader
I (30) boot: chip revision: v1.0
I (33) boot.esp32: SPI Speed      : 40MHz
I (36) boot.esp32: SPI Mode       : DIO
I (40) boot.esp32: SPI Flash Size : 4MB
I (44) boot: Enabling RNG early entropy source...
I (48) boot: Partition Table:
I (51) boot: ## Label            Usage          Type ST Offset   Length
I (57) boot:  0 nvs              WiFi data        01 02 00009000 00006000
I (64) boot:  1 phy_init         RF data          01 01 0000f000 00001000
I (70) boot:  2 factory          factory app      00 00 00010000 00100000
I (77) boot: End of partition table
I (80) esp_image: segment 0: paddr=00010020 vaddr=3f400020 size=0d59ch ( 54684) map
I (106) esp_image: segment 1: paddr=0001d5c4 vaddr=3ff80000 size=00020h (    32) load
I (106) esp_image: segment 2: paddr=0001d5ec vaddr=3ffb0000 size=02784h ( 10116) load
I (114) esp_image: segment 3: paddr=0001fd78 vaddr=40080000 size=002a0h (   672) load
I (118) esp_image: segment 4: paddr=00020020 vaddr=400d0020 size=22734h (141108) map
I (173) esp_image: segment 5: paddr=0004275c vaddr=400802a0 size=0f3d8h ( 62424) load
I (205) boot: Loaded app from partition at offset 0x10000
I (205) boot: Disabling RNG early entropy source...
I (216) cpu_start: Multicore app
I (224) cpu_start: Pro cpu start user code
I (224) cpu_start: cpu freq: 160000000 Hz
I (224) app_init: Application information:
I (224) app_init: Project name:     feedlimiter
I (229) app_init: App version:      7373d29-dirty
I (233) app_init: Compile time:     Oct 30 2025 21:25:44
I (238) app_init: ELF file SHA256:  91c57b2ef...
I (242) app_init: ESP-IDF:          5.5.0
I (246) efuse_init: Min chip rev:     v0.0
I (250) efuse_init: Max chip rev:     v3.99 
I (254) efuse_init: Chip rev:         v1.0
I (258) heap_init: Initializing. RAM available for dynamic allocation:
I (264) heap_init: At 3FFAE6E0 len 00001920 (6 KiB): DRAM
I (269) heap_init: At 3FFB3218 len 0002CDE8 (179 KiB): DRAM
I (274) heap_init: At 3FFE0440 len 00003AE0 (14 KiB): D/IRAM
I (280) heap_init: At 3FFE4350 len 0001BCB0 (111 KiB): D/IRAM
I (285) heap_init: At 4008F678 len 00010988 (66 KiB): IRAM
I (292) spi_flash: detected chip: winbond
I (294) spi_flash: flash io: dio
I (298) main_task: Started on CPU0
I (308) main_task: Calling app_main()
E (308) gpio: gpio_pullup_en(78): GPIO number error (input-only pad has no internal PU)
I (308) button: IoT Button Version: 4.1.4
I (308) main: ADC0:    0; DAC0:    0; PID: 21.755001
I (318) led_gpio: LED Indicator Version: 2.0.2
I (318) main: ADC0:    0; DAC0:    0; PID: 21.755001
I (318) led_gpio: Indicator create successfully. type:GPIO mode, hardware_data:0x3ffbaf8c, blink_lists:custom
I (328) main: ADC0:    0; DAC0:    0; PID: 21.755001
I (338) main: ADC0:    0; DAC0:    0; PID: 21.755001
I (348) main: ADC0:    0; DAC0:    0; PID: 21.755001
I (348) main: ADC0:    0; DAC0:    0; PID: 21.755001
Guru Meditation Error: Core  0 panic'ed (Cache error). 
Cache disabled but cached memory region accessed

Core  0 register dump:
PC      : 0x400dbcf4  PS      : 0x00060034  A0      : 0x80081323  A1      : 0x3ffb1300  
A2      : 0x00000000  A3      : 0x3ffb2800  A4      : 0x800815c2  A5      : 0x3ffaf100  
A6      : 0x3ffb03d4  A7      : 0x3ffb7ca8  A8      : 0x80081253  A9      : 0x00060423  
A10     : 0x3ffb7cac  A11     : 0x3ffb88f4  A12     : 0x3ffb1304  A13     : 0x3ffb1308  
A14     : 0x00000003  A15     : 0x00060423  SAR     : 0x00000004  EXCCAUSE: 0x00000007  
EXCVADDR: 0x00000000  LBEG    : 0x00000000  LEND    : 0x00000000  LCOUNT  : 0x00000000  


Backtrace: 0x400dbcf1:0x3ffb1300 0x40081320:0x3ffb1340 0x40083b0d:0x3ffb1360 0x4008348e:0x3ffaf140 0x40081ad9:0x3ffaf160 0x40087b0d:0x3ffaf180




ELF file SHA256: 91c57b2ef

Rebooting...
